Component: ARM Compiler 5.06 update 4 (build 422) Tool: armlink [4d35d2]

==============================================================================

Section Cross References

    main.o(i.CoreTimeRoutine) refers to lcp_port.o(i.LCPBUS_vSetPort) for LCPBUS_vSetPort
    main.o(i.CoreTimeRoutine) refers to lcp_port.o(i.LCPPORT_vRecieve) for LCPPORT_vRecieve
    main.o(i.CoreTimeRoutine) refers to stm32f2xx_hal_gpio.o(i.HAL_GPIO_WritePin) for HAL_GPIO_WritePin
    main.o(i.CoreTimeRoutine) refers to main.o(.data) for bConnectWithVFD
    main.o(i.CoreTimeRoutine) refers to lcp_port.o(.data) for eFcState
    main.o(i.main) refers to boardbsp.o(i.BspInit) for BspInit
    main.o(i.main) refers to stm32f2xx_hal_gpio.o(i.HAL_GPIO_WritePin) for HAL_GPIO_WritePin
    main.o(i.main) refers to lcp_port.o(i.LCPBUS_vSetPort) for LCPBUS_vSetPort
    main.o(i.main) refers to usb_core.o(i.USB_vInit) for USB_vInit
    main.o(i.main) refers to cmsis_os.o(i.osTimerCreate) for osTimerCreate
    main.o(i.main) refers to cmsis_os.o(i.osTimerStart) for osTimerStart
    main.o(i.main) refers to cmsis_os.o(i.osKernelStart) for osKernelStart
    main.o(i.main) refers to main.o(.data) for dwCounter
    main.o(i.main) refers to main.o(.constdata) for .constdata
    main.o(.constdata) refers to main.o(i.CoreTimeRoutine) for CoreTimeRoutine
    boardbsp.o(i.ADC1_Init) refers to stm32f2xx_hal_adc.o(i.HAL_ADC_Init) for HAL_ADC_Init
    boardbsp.o(i.ADC1_Init) refers to boardbsp.o(i.Error_Handler) for Error_Handler
    boardbsp.o(i.ADC1_Init) refers to stm32f2xx_hal_adc.o(i.HAL_ADC_ConfigChannel) for HAL_ADC_ConfigChannel
    boardbsp.o(i.ADC1_Init) refers to stm32f2xx_hal_adc.o(i.HAL_ADC_Start) for HAL_ADC_Start
    boardbsp.o(i.ADC1_Init) refers to boardbsp.o(.bss) for hadc1
    boardbsp.o(i.BSP_GetUSBMode) refers to boardbsp.o(.data) for USB_CurMode
    boardbsp.o(i.BSP_SetUSBMode) refers to boardbsp.o(.data) for USB_CurMode
    boardbsp.o(i.BspInit) refers to stm32f2xx_hal.o(i.HAL_Init) for HAL_Init
    boardbsp.o(i.BspInit) refers to boardbsp.o(i.SystemClock_Config) for SystemClock_Config
    boardbsp.o(i.BspInit) refers to boardbsp.o(i.GPIO_Init) for GPIO_Init
    boardbsp.o(i.BspInit) refers to boardbsp.o(i.SPI1_Init) for SPI1_Init
    boardbsp.o(i.BspInit) refers to boardbsp.o(i.SPI2_Init) for SPI2_Init
    boardbsp.o(i.BspInit) refers to boardbsp.o(i.TIM2_Init) for TIM2_Init
    boardbsp.o(i.BspInit) refers to boardbsp.o(i.ADC1_Init) for ADC1_Init
    boardbsp.o(i.Error_Handler) refers to cmsis_os.o(i.osDelay) for osDelay
    boardbsp.o(i.Error_Handler) refers to boardbsp.o(.data) for error_debug
    boardbsp.o(i.GPIO_Init) refers to stm32f2xx_hal_gpio.o(i.HAL_GPIO_WritePin) for HAL_GPIO_WritePin
    boardbsp.o(i.GPIO_Init) refers to stm32f2xx_hal_gpio.o(i.HAL_GPIO_Init) for HAL_GPIO_Init
    boardbsp.o(i.HAL_TIM_PeriodElapsedCallback) refers to stm32f2xx_hal.o(i.HAL_IncTick) for HAL_IncTick
    boardbsp.o(i.SPI1_Init) refers to stm32f2xx_hal_gpio.o(i.HAL_GPIO_Init) for HAL_GPIO_Init
    boardbsp.o(i.SPI1_Init) refers to stm32f2xx_hal_spi.o(i.HAL_SPI_Init) for HAL_SPI_Init
    boardbsp.o(i.SPI1_Init) refers to boardbsp.o(i.Error_Handler) for Error_Handler
    boardbsp.o(i.SPI1_Init) refers to boardbsp.o(.bss) for hspi1_BlueBRG
    boardbsp.o(i.SPI2_Init) refers to stm32f2xx_hal_gpio.o(i.HAL_GPIO_Init) for HAL_GPIO_Init
    boardbsp.o(i.SPI2_Init) refers to stm32f2xx_hal_spi.o(i.HAL_SPI_Init) for HAL_SPI_Init
    boardbsp.o(i.SPI2_Init) refers to boardbsp.o(i.Error_Handler) for Error_Handler
    boardbsp.o(i.SPI2_Init) refers to boardbsp.o(.bss) for hspi2_nor
    boardbsp.o(i.SystemClock_Config) refers to stm32f2xx_hal_rcc.o(i.HAL_RCC_OscConfig) for HAL_RCC_OscConfig
    boardbsp.o(i.SystemClock_Config) refers to boardbsp.o(i.Error_Handler) for Error_Handler
    boardbsp.o(i.SystemClock_Config) refers to stm32f2xx_hal_rcc.o(i.HAL_RCC_ClockConfig) for HAL_RCC_ClockConfig
    boardbsp.o(i.SystemClock_Config) refers to stm32f2xx_hal_rcc.o(i.HAL_RCC_GetHCLKFreq) for HAL_RCC_GetHCLKFreq
    boardbsp.o(i.SystemClock_Config) refers to stm32f2xx_hal_cortex.o(i.HAL_SYSTICK_Config) for HAL_SYSTICK_Config
    boardbsp.o(i.SystemClock_Config) refers to stm32f2xx_hal_cortex.o(i.HAL_SYSTICK_CLKSourceConfig) for HAL_SYSTICK_CLKSourceConfig
    boardbsp.o(i.SystemClock_Config) refers to stm32f2xx_hal_cortex.o(i.HAL_NVIC_SetPriority) for HAL_NVIC_SetPriority
    boardbsp.o(i.TIM2_Init) refers to stm32f2xx_hal_tim.o(i.HAL_TIM_Base_Init) for HAL_TIM_Base_Init
    boardbsp.o(i.TIM2_Init) refers to boardbsp.o(i.Error_Handler) for Error_Handler
    boardbsp.o(i.TIM2_Init) refers to stm32f2xx_hal_tim.o(i.HAL_TIM_ConfigClockSource) for HAL_TIM_ConfigClockSource
    boardbsp.o(i.TIM2_Init) refers to stm32f2xx_hal_tim.o(i.HAL_TIM_OC_Init) for HAL_TIM_OC_Init
    boardbsp.o(i.TIM2_Init) refers to stm32f2xx_hal_tim.o(i.HAL_TIM_SlaveConfigSynchronization) for HAL_TIM_SlaveConfigSynchronization
[...]
    UART4_IRQHandler                         0x08000257   Thumb Code     0  startup_stm32f205xx.o(.text)
    UART5_IRQHandler                         0x08000257   Thumb Code     0  startup_stm32f205xx.o(.text)
    USART1_IRQHandler                        0x08000257   Thumb Code     0  startup_stm32f205xx.o(.text)
    USART2_IRQHandler                        0x08000257   Thumb Code     0  startup_stm32f205xx.o(.text)
    USART6_IRQHandler                        0x08000257   Thumb Code     0  startup_stm32f205xx.o(.text)
    WWDG_IRQHandler                          0x08000257   Thumb Code     0  startup_stm32f205xx.o(.text)
    __aeabi_memcpy                           0x08000261   Thumb Code    36  memcpya.o(.text)
    __aeabi_memcpy4                          0x08000261   Thumb Code     0  memcpya.o(.text)
    __aeabi_memcpy8                          0x08000261   Thumb Code     0  memcpya.o(.text)
    __aeabi_memset                           0x08000285   Thumb Code    14  memseta.o(.text)
    __aeabi_memset4                          0x08000285   Thumb Code     0  memseta.o(.text)
    __aeabi_memset8                          0x08000285   Thumb Code     0  memseta.o(.text)
    __aeabi_memclr                           0x08000293   Thumb Code     4  memseta.o(.text)
    __aeabi_memclr4                          0x08000293   Thumb Code     0  memseta.o(.text)
    __aeabi_memclr8                          0x08000293   Thumb Code     0  memseta.o(.text)
    _memset$wrapper                          0x08000297   Thumb Code    18  memseta.o(.text)
    strstr                                   0x080002a9   Thumb Code    36  strstr.o(.text)
    strlen                                   0x080002cd   Thumb Code    14  strlen.o(.text)
    memcmp                                   0x080002db   Thumb Code    26  memcmp.o(.text)
    strcpy                                   0x080002f5   Thumb Code    18  strcpy.o(.text)
    __scatterload                            0x08000309   Thumb Code    28  init.o(.text)
    __scatterload_rt2                        0x08000309   Thumb Code     0  init.o(.text)
    __decompress                             0x0800032d   Thumb Code     0  __dczerorl2.o(.text)
    __decompress1                            0x0800032d   Thumb Code    86  __dczerorl2.o(.text)
    BSP_MEM_GetCardInfo                      0x08000561   Thumb Code   100  spi_mem.o(i.BSP_MEM_GetCardInfo)
    BSP_MEM_GetStatus                        0x080005c9   Thumb Code     4  spi_mem.o(i.BSP_MEM_GetStatus)
    BSP_MEM_Init                             0x080005cd   Thumb Code    34  spi_mem.o(i.BSP_MEM_Init)
    BSP_MEM_IsDetected                       0x080005f5   Thumb Code    12  spi_mem.o(i.BSP_MEM_IsDetected)
    BSP_MEM_ReadBlocks                       0x08000601   Thumb Code    84  spi_mem.o(i.BSP_MEM_ReadBlocks)
    BSP_MEM_WriteBlocks                      0x08000659   Thumb Code   154  spi_mem.o(i.BSP_MEM_WriteBlocks)
    BspInit                                  0x080006fd   Thumb Code    32  boardbsp.o(i.BspInit)
    BusFault_Handler                         0x0800071d   Thumb Code    10  stm32f2xx_it.o(i.BusFault_Handler)
    DMA1_Stream1_IRQHandler                  0x08000965   Thumb Code    10  stm32f2xx_it.o(i.DMA1_Stream1_IRQHandler)
    DMA1_Stream3_IRQHandler                  0x08000975   Thumb Code    10  stm32f2xx_it.o(i.DMA1_Stream3_IRQHandler)
    DebugMon_Handler                         0x080009b9   Thumb Code     2  stm32f2xx_it.o(i.DebugMon_Handler)
    Error_Handler                            0x080009bd   Thumb Code    24  boardbsp.o(i.Error_Handler)
    HAL_ADC_ConfigChannel                    0x08000ba1   Thumb Code   386  stm32f2xx_hal_adc.o(i.HAL_ADC_ConfigChannel)
    HAL_ADC_Init                             0x08000d35   Thumb Code   100  stm32f2xx_hal_adc.o(i.HAL_ADC_Init)
    HAL_ADC_MspInit                          0x08000d9d   Thumb Code    70  stm32f2xx_hal_msp.o(i.HAL_ADC_MspInit)
    HAL_ADC_Start                            0x08000df1   Thumb Code   238  stm32f2xx_hal_adc.o(i.HAL_ADC_Start)
    HAL_DMA_Abort_IT                         0x08000ef1   Thumb Code    40  stm32f2xx_hal_dma.o(i.HAL_DMA_Abort_IT)
    HAL_DMA_DeInit                           0x08000f19   Thumb Code    98  stm32f2xx_hal_dma.o(i.HAL_DMA_DeInit)
    HAL_DMA_IRQHandler                       0x08000f7d   Thumb Code   574  stm32f2xx_hal_dma.o(i.HAL_DMA_IRQHandler)
    HAL_Delay                                0x080011c5   Thumb Code    30  main.o(i.HAL_Delay)
    HAL_GPIO_DeInit                          0x080011e5   Thumb Code   326  stm32f2xx_hal_gpio.o(i.HAL_GPIO_DeInit)
    HAL_GPIO_Init                            0x08001359   Thumb Code   476  stm32f2xx_hal_gpio.o(i.HAL_GPIO_Init)
    HAL_GPIO_TogglePin                       0x08001565   Thumb Code     8  stm32f2xx_hal_gpio.o(i.HAL_GPIO_TogglePin)
    HAL_GPIO_WritePin                        0x0800156d   Thumb Code    12  stm32f2xx_hal_gpio.o(i.HAL_GPIO_WritePin)
    HAL_GetTick                              0x08001579   Thumb Code     6  stm32f2xx_hal.o(i.HAL_GetTick)
    HAL_HalfDuplex_EnableReceiver            0x08001585   Thumb Code    68  stm32f2xx_hal_uart.o(i.HAL_HalfDuplex_EnableReceiver)
    HAL_HalfDuplex_EnableTransmitter         0x080015c9   Thumb Code    68  stm32f2xx_hal_uart.o(i.HAL_HalfDuplex_EnableTransmitter)
    HAL_IncTick                              0x0800160d   Thumb Code    12  stm32f2xx_hal.o(i.HAL_IncTick)
    HAL_Init                                 0x0800161d   Thumb Code    34  stm32f2xx_hal.o(i.HAL_Init)
    HAL_InitTick                             0x08001645   Thumb Code   122  stm32f2xx_hal_timebase_tim.o(i.HAL_InitTick)
    HAL_MspInit                              0x080016d1   Thumb Code    86  stm32f2xx_hal_msp.o(i.HAL_MspInit)
    HAL_NVIC_EnableIRQ                       0x08001727   Thumb Code    26  stm32f2xx_hal_cortex.o(i.HAL_NVIC_EnableIRQ)
    HAL_NVIC_SetPriority                     0x08001741   Thumb Code   124  stm32f2xx_hal_cortex.o(i.HAL_NVIC_SetPriority)
    HAL_NVIC_SetPriorityGrouping             0x080017bd   Thumb Code    32  stm32f2xx_hal_cortex.o(i.HAL_NVIC_SetPriorityGrouping)
    HAL_PCDEx_SetRxFiFo                      0x080017e5   Thumb Code    10  stm32f2xx_hal_pcd_ex.o(i.HAL_PCDEx_SetRxFiFo)
    HAL_PCDEx_SetTxFiFo                      0x080017ef   Thumb Code    82  stm32f2xx_hal_pcd_ex.o(i.HAL_PCDEx_SetTxFiFo)
    HAL_PCD_ConnectCallback                  0x08001841   Thumb Code    14  usbd_conf.o(i.HAL_PCD_ConnectCallback)
    HAL_PCD_DataInStageCallback              0x0800184f   Thumb Code    32  usbd_conf.o(i.HAL_PCD_DataInStageCallback)
    HAL_PCD_DataOutStageCallback             0x0800186f   Thumb Code    32  usbd_conf.o(i.HAL_PCD_DataOutStageCallback)
    HAL_PCD_DisconnectCallback               0x0800188f   Thumb Code    14  usbd_conf.o(i.HAL_PCD_DisconnectCallback)
    HAL_PCD_EP_Close                         0x0800189d   Thumb Code   106  stm32f2xx_hal_pcd.o(i.HAL_PCD_EP_Close)
    HAL_PCD_EP_ClrStall                      0x08001907   Thumb Code   104  stm32f2xx_hal_pcd.o(i.HAL_PCD_EP_ClrStall)
    HAL_PCD_EP_Flush                         0x0800196f   Thumb Code    68  stm32f2xx_hal_pcd.o(i.HAL_PCD_EP_Flush)
    HAL_PCD_EP_GetRxCount                    0x080019b3   Thumb Code    24  stm32f2xx_hal_pcd.o(i.HAL_PCD_EP_GetRxCount)
    HAL_PCD_EP_Open                          0x080019cb   Thumb Code   140  stm32f2xx_hal_pcd.o(i.HAL_PCD_EP_Open)
    HAL_PCD_EP_Receive                       0x08001a57   Thumb Code   120  stm32f2xx_hal_pcd.o(i.HAL_PCD_EP_Receive)
    HAL_PCD_EP_SetStall                      0x08001acf   Thumb Code   122  stm32f2xx_hal_pcd.o(i.HAL_PCD_EP_SetStall)
    HAL_PCD_EP_Transmit                      0x08001b49   Thumb Code   122  stm32f2xx_hal_pcd.o(i.HAL_PCD_EP_Transmit)
    HAL_PCD_IRQHandler                       0x08001bc5   Thumb Code  1608  stm32f2xx_hal_pcd.o(i.HAL_PCD_IRQHandler)
    HAL_PCD_ISOINIncompleteCallback          0x08002231   Thumb Code    18  usbd_conf.o(i.HAL_PCD_ISOINIncompleteCallback)
    HAL_PCD_ISOOUTIncompleteCallback         0x08002243   Thumb Code    18  usbd_conf.o(i.HAL_PCD_ISOOUTIncompleteCallback)
    HAL_PCD_Init                             0x08002255   Thumb Code   322  stm32f2xx_hal_pcd.o(i.HAL_PCD_Init)
    HAL_PCD_MspInit                          0x08002399   Thumb Code   266  usbd_conf.o(i.HAL_PCD_MspInit)
    HAL_PCD_ResetCallback                    0x080024b1   Thumb Code    50  usbd_conf.o(i.HAL_PCD_ResetCallback)
    HAL_PCD_ResumeCallback                   0x080024e3   Thumb Code    14  usbd_conf.o(i.HAL_PCD_ResumeCallback)
    HAL_PCD_SOFCallback                      0x080024f1   Thumb Code    14  usbd_conf.o(i.HAL_PCD_SOFCallback)
    HAL_PCD_SetAddress                       0x080024ff   Thumb Code    50  stm32f2xx_hal_pcd.o(i.HAL_PCD_SetAddress)
    HAL_PCD_SetupStageCallback               0x08002531   Thumb Code    18  usbd_conf.o(i.HAL_PCD_SetupStageCallback)
    HAL_PCD_Start                            0x08002543   Thumb Code    52  stm32f2xx_hal_pcd.o(i.HAL_PCD_Start)
    HAL_PCD_SuspendCallback                  0x08002579   Thumb Code    46  usbd_conf.o(i.HAL_PCD_SuspendCallback)
    HAL_RCC_ClockConfig                      0x080025ad   Thumb Code   400  stm32f2xx_hal_rcc.o(i.HAL_RCC_ClockConfig)
    HAL_RCC_GetClockConfig                   0x0800274d   Thumb Code    58  stm32f2xx_hal_rcc.o(i.HAL_RCC_GetClockConfig)
    HAL_RCC_GetHCLKFreq                      0x08002791   Thumb Code     6  stm32f2xx_hal_rcc.o(i.HAL_RCC_GetHCLKFreq)
    HAL_RCC_GetPCLK1Freq                     0x0800279d   Thumb Code    36  stm32f2xx_hal_rcc.o(i.HAL_RCC_GetPCLK1Freq)
    HAL_RCC_GetPCLK2Freq                     0x080027c9   Thumb Code    36  stm32f2xx_hal_rcc.o(i.HAL_RCC_GetPCLK2Freq)
    HAL_RCC_GetSysClockFreq                  0x080027f5   Thumb Code   168  stm32f2xx_hal_rcc.o(i.HAL_RCC_GetSysClockFreq)
    HAL_RCC_OscConfig                        0x080028a5   Thumb Code   906  stm32f2xx_hal_rcc.o(i.HAL_RCC_OscConfig)
    HAL_SPI_DeInit                           0x08002c41   Thumb Code    54  stm32f2xx_hal_spi.o(i.HAL_SPI_DeInit)
    HAL_SPI_Init                             0x08002c77   Thumb Code   140  stm32f2xx_hal_spi.o(i.HAL_SPI_Init)
    HAL_SPI_MspDeInit                        0x08002d05   Thumb Code    70  stm32f2xx_hal_msp.o(i.HAL_SPI_MspDeInit)
    HAL_SPI_MspInit                          0x08002d61   Thumb Code   154  stm32f2xx_hal_msp.o(i.HAL_SPI_MspInit)
    HAL_SPI_Receive                          0x08002e11   Thumb Code   364  stm32f2xx_hal_spi.o(i.HAL_SPI_Receive)
    HAL_SPI_Transmit                         0x08002f7d   Thumb Code   422  stm32f2xx_hal_spi.o(i.HAL_SPI_Transmit)
    HAL_SPI_TransmitReceive                  0x08003123   Thumb Code   542  stm32f2xx_hal_spi.o(i.HAL_SPI_TransmitReceive)
    HAL_SYSTICK_CLKSourceConfig              0x08003341   Thumb Code    40  stm32f2xx_hal_cortex.o(i.HAL_SYSTICK_CLKSourceConfig)
    HAL_SYSTICK_Config                       0x08003369   Thumb Code    52  stm32f2xx_hal_cortex.o(i.HAL_SYSTICK_Config)
    HAL_TIMEx_BreakCallback                  0x0800339d   Thumb Code     2  stm32f2xx_hal_tim_ex.o(i.HAL_TIMEx_BreakCallback)
    HAL_TIMEx_CommutationCallback            0x0800339f   Thumb Code     2  stm32f2xx_hal_tim_ex.o(i.HAL_TIMEx_CommutationCallback)
    HAL_TIMEx_MasterConfigSynchronization    0x080033a1   Thumb Code    98  stm32f2xx_hal_tim_ex.o(i.HAL_TIMEx_MasterConfigSynchronization)
    HAL_TIM_Base_Init                        0x08003403   Thumb Code    52  stm32f2xx_hal_tim.o(i.HAL_TIM_Base_Init)
    HAL_TIM_Base_MspInit                     0x08003437   Thumb Code     2  stm32f2xx_hal_tim.o(i.HAL_TIM_Base_MspInit)
    HAL_TIM_Base_Start_IT                    0x08003439   Thumb Code    30  stm32f2xx_hal_tim.o(i.HAL_TIM_Base_Start_IT)
    HAL_TIM_ConfigClockSource                0x08003457   Thumb Code   306  stm32f2xx_hal_tim.o(i.HAL_TIM_ConfigClockSource)
    HAL_TIM_IC_CaptureCallback               0x08003589   Thumb Code     2  stm32f2xx_hal_tim.o(i.HAL_TIM_IC_CaptureCallback)
    HAL_TIM_IRQHandler                       0x0800358b   Thumb Code   406  stm32f2xx_hal_tim.o(i.HAL_TIM_IRQHandler)
    HAL_TIM_OC_ConfigChannel                 0x08003721   Thumb Code   116  stm32f2xx_hal_tim.o(i.HAL_TIM_OC_ConfigChannel)
    HAL_TIM_OC_DelayElapsedCallback          0x08003795   Thumb Code     2  stm32f2xx_hal_tim.o(i.HAL_TIM_OC_DelayElapsedCallback)
    HAL_TIM_OC_Init                          0x08003797   Thumb Code    52  stm32f2xx_hal_tim.o(i.HAL_TIM_OC_Init)
    HAL_TIM_OC_MspInit                       0x080037cb   Thumb Code     2  stm32f2xx_hal_tim.o(i.HAL_TIM_OC_MspInit)
    HAL_TIM_PWM_PulseFinishedCallback        0x080037cd   Thumb Code     2  stm32f2xx_hal_tim.o(i.HAL_TIM_PWM_PulseFinishedCallback)
    HAL_TIM_PeriodElapsedCallback            0x080037d1   Thumb Code    18  boardbsp.o(i.HAL_TIM_PeriodElapsedCallback)
    HAL_TIM_SlaveConfigSynchronization       0x080037e9   Thumb Code    86  stm32f2xx_hal_tim.o(i.HAL_TIM_SlaveConfigSynchronization)
    HAL_TIM_TriggerCallback                  0x0800383f   Thumb Code     2  stm32f2xx_hal_tim.o(i.HAL_TIM_TriggerCallback)
    HAL_UART_DeInit                          0x08003841   Thumb Code    46  stm32f2xx_hal_uart.o(i.HAL_UART_DeInit)
    HAL_UART_ErrorCallback                   0x0800386f   Thumb Code     2  stm32f2xx_hal_uart.o(i.HAL_UART_ErrorCallback)
    HAL_UART_IRQHandler                      0x08003871   Thumb Code   326  stm32f2xx_hal_uart.o(i.HAL_UART_IRQHandler)
    HAL_UART_Init                            0x080039bd   Thumb Code   114  stm32f2xx_hal_uart.o(i.HAL_UART_Init)
    HAL_UART_MspDeInit                       0x08003a31   Thumb Code    48  stm32f2xx_hal_msp.o(i.HAL_UART_MspDeInit)
    HAL_UART_MspInit                         0x08003a6d   Thumb Code   132  stm32f2xx_hal_msp.o(i.HAL_UART_MspInit)
    HAL_UART_Receive_IT                      0x08003afd   Thumb Code   100  stm32f2xx_hal_uart.o(i.HAL_UART_Receive_IT)
    HAL_UART_RxCpltCallback                  0x08003b61   Thumb Code   380  lcp_port.o(i.HAL_UART_RxCpltCallback)
    HAL_UART_Transmit_IT                     0x08003d05   Thumb Code    88  stm32f2xx_hal_uart.o(i.HAL_UART_Transmit_IT)
    HAL_UART_TxCpltCallback                  0x08003d5d   Thumb Code    24  lcp_port.o(i.HAL_UART_TxCpltCallback)
    HardFault_Handler                        0x08003d79   Thumb Code    10  stm32f2xx_it.o(i.HardFault_Handler)
    LCPBUS_vCalcBcc                          0x08003dff   Thumb Code    26  lcp_port.o(i.LCPBUS_vCalcBcc)
    LCPBUS_vCheckBcc                         0x08003e19   Thumb Code    28  lcp_port.o(i.LCPBUS_vCheckBcc)
    LCPBUS_vRecieve                          0x08003e35   Thumb Code    48  lcp_port.o(i.LCPBUS_vRecieve)
    LCPBUS_vSend                             0x08003e75   Thumb Code    32  lcp_port.o(i.LCPBUS_vSend)
    LCPBUS_vSetPort                          0x08003ea1   Thumb Code    56  lcp_port.o(i.LCPBUS_vSetPort)
    LCPPORT_AppCheckSum                      0x08003ee1   Thumb Code    28  lcp_port.o(i.LCPPORT_AppCheckSum)
    LCPPORT_vRecieve                         0x08003efd   Thumb Code    42  lcp_port.o(i.LCPPORT_vRecieve)
    MSC_BOT_CplClrFeature                    0x08004069   Thumb Code    54  usbd_msc_bot.o(i.MSC_BOT_CplClrFeature)
    MSC_BOT_DataIn                           0x0800409f   Thumb Code    80  usbd_msc_bot.o(i.MSC_BOT_DataIn)
    MSC_BOT_DataOut                          0x080040ef   Thumb Code    70  usbd_msc_bot.o(i.MSC_BOT_DataOut)
    MSC_BOT_DeInit                           0x08004135   Thumb Code    10  usbd_msc_bot.o(i.MSC_BOT_DeInit)
    MSC_BOT_Init                             0x0800413f   Thumb Code    70  usbd_msc_bot.o(i.MSC_BOT_Init)
    MSC_BOT_Reset                            0x08004185   Thumb Code    34  usbd_msc_bot.o(i.MSC_BOT_Reset)
    MSC_BOT_SendCSW                          0x080041a9   Thumb Code    60  usbd_msc_bot.o(i.MSC_BOT_SendCSW)
    MS_TickCheck                             0x08004241   Thumb Code   138  lcp_port.o(i.MS_TickCheck)
    MemManage_Handler                        0x080042e5   Thumb Code    10  stm32f2xx_it.o(i.MemManage_Handler)
    NMI_Handler                              0x080042ef   Thumb Code    10  stm32f2xx_it.o(i.NMI_Handler)
    NOR_SPI_ReadByte                         0x08004381   Thumb Code    20  spi_mem.o(i.NOR_SPI_ReadByte)
    OTG_FS_IRQHandler                        0x0800440d   Thumb Code    10  stm32f2xx_it.o(i.OTG_FS_IRQHandler)
    OTG_FS_WKUP_IRQHandler                   0x0800441d   Thumb Code   130  stm32f2xx_it.o(i.OTG_FS_WKUP_IRQHandler)
    SCSI_ProcessCmd                          0x08004635   Thumb Code   232  usbd_msc_scsi.o(i.SCSI_ProcessCmd)
    SCSI_SenseCode                           0x08004b6b   Thumb Code    76  usbd_msc_scsi.o(i.SCSI_SenseCode)
    STORAGE_GetCapacity                      0x08004ffb   Thumb Code    54  usbd_storage.o(i.STORAGE_GetCapacity)
    STORAGE_GetMaxLun                        0x08005031   Thumb Code     4  usbd_storage.o(i.STORAGE_GetMaxLun)
    STORAGE_Init                             0x08005035   Thumb Code    12  usbd_storage.o(i.STORAGE_Init)
    STORAGE_IsReady                          0x08005041   Thumb Code    60  usbd_storage.o(i.STORAGE_IsReady)
    STORAGE_IsWriteProtected                 0x08005081   Thumb Code     6  usbd_storage.o(i.STORAGE_IsWriteProtected)
    STORAGE_Read                             0x08005087   Thumb Code    44  usbd_storage.o(i.STORAGE_Read)
    STORAGE_Write                            0x080050b3   Thumb Code    44  usbd_storage.o(i.STORAGE_Write)
    SysTick_Handler                          0x080050df   Thumb Code    12  stm32f2xx_it.o(i.SysTick_Handler)
    SystemClock_Config                       0x080050eb   Thumb Code   122  boardbsp.o(i.SystemClock_Config)
    SystemInit                               0x08005165   Thumb Code    68  system_stm32f2xx.o(i.SystemInit)
    TIM6_DAC_IRQHandler                      0x08005255   Thumb Code    10  stm32f2xx_it.o(i.TIM6_DAC_IRQHandler)
    TIM_Base_SetConfig                       0x08005265   Thumb Code   184  stm32f2xx_hal_tim.o(i.TIM_Base_SetConfig)
    TIM_OC2_SetConfig                        0x080053e5   Thumb Code   112  stm32f2xx_hal_tim.o(i.TIM_OC2_SetConfig)
    USART3_IRQHandler                        0x08005b01   Thumb Code    10  stm32f2xx_it.o(i.USART3_IRQHandler)
    USBD_CUSTOM_HID_DataIn                   0x08005b11   Thumb Code    14  usbd_customhid.o(i.USBD_CUSTOM_HID_DataIn)
    USBD_CUSTOM_HID_DataOut                  0x08005b1f   Thumb Code    38  usbd_customhid.o(i.USBD_CUSTOM_HID_DataOut)
    USBD_CUSTOM_HID_DeInit                   0x08005b45   Thumb Code    54  usbd_customhid.o(i.USBD_CUSTOM_HID_DeInit)
    USBD_CUSTOM_HID_EP0_RxReady              0x08005b7b   Thumb Code    34  usbd_customhid.o(i.USBD_CUSTOM_HID_EP0_RxReady)
    USBD_CUSTOM_HID_GetCfgDesc               0x08005b9d   Thumb Code    10  usbd_customhid.o(i.USBD_CUSTOM_HID_GetCfgDesc)
    USBD_CUSTOM_HID_GetDeviceQualifierDesc   0x08005bad   Thumb Code    10  usbd_customhid.o(i.USBD_CUSTOM_HID_GetDeviceQualifierDesc)
    USBD_CUSTOM_HID_Init                     0x08005bbd   Thumb Code   100  usbd_customhid.o(i.USBD_CUSTOM_HID_Init)
    USBD_CUSTOM_HID_RegisterInterface        0x08005c21   Thumb Code    14  usbd_customhid.o(i.USBD_CUSTOM_HID_RegisterInterface)
    USBD_CUSTOM_HID_SendReport               0x08005c2f   Thumb Code    52  usbd_customhid.o(i.USBD_CUSTOM_HID_SendReport)
    USBD_CUSTOM_HID_Setup                    0x08005c65   Thumb Code   262  usbd_customhid.o(i.USBD_CUSTOM_HID_Setup)
    USBD_ClrClassConfig                      0x08005d71   Thumb Code    22  usbd_core.o(i.USBD_ClrClassConfig)
    USBD_ConfigStrDescriptor                 0x08005dcd   Thumb Code    34  usbd_desc.o(i.USBD_ConfigStrDescriptor)
    USBD_CtlContinueRx                       0x08005e01   Thumb Code    24  usbd_ioreq.o(i.USBD_CtlContinueRx)
    USBD_CtlContinueSendData                 0x08005e19   Thumb Code    24  usbd_ioreq.o(i.USBD_CtlContinueSendData)
    USBD_CtlError                            0x08005e31   Thumb Code    24  usbd_ctlreq.o(i.USBD_CtlError)
    USBD_CtlPrepareRx                        0x08005e49   Thumb Code    40  usbd_ioreq.o(i.USBD_CtlPrepareRx)
    USBD_CtlReceiveStatus                    0x08005e71   Thumb Code    26  usbd_ioreq.o(i.USBD_CtlReceiveStatus)
    USBD_CtlSendData                         0x08005e8b   Thumb Code    34  usbd_ioreq.o(i.USBD_CtlSendData)
    USBD_CtlSendStatus                       0x08005ead   Thumb Code    26  usbd_ioreq.o(i.USBD_CtlSendStatus)
    USBD_DeviceDescriptor                    0x08005ec9   Thumb Code    10  usbd_desc.o(i.USBD_DeviceDescriptor)
    USBD_GetString                           0x080060c9   Thumb Code    82  usbd_ctlreq.o(i.USBD_GetString)
    USBD_Init                                0x0800611b   Thumb Code    50  usbd_core.o(i.USBD_Init)
    USBD_InterfaceStrDescriptor              0x0800614d   Thumb Code    34  usbd_desc.o(i.USBD_InterfaceStrDescriptor)
    USBD_LL_ClearStallEP                     0x08006185   Thumb Code    20  usbd_conf.o(i.USBD_LL_ClearStallEP)
    USBD_LL_CloseEP                          0x08006199   Thumb Code    20  usbd_conf.o(i.USBD_LL_CloseEP)
    USBD_LL_DataInStage                      0x080061ad   Thumb Code   194  usbd_core.o(i.USBD_LL_DataInStage)
    USBD_LL_DataOutStage                     0x0800626f   Thumb Code   134  usbd_core.o(i.USBD_LL_DataOutStage)
    USBD_LL_DevConnected                     0x080062f5   Thumb Code     6  usbd_core.o(i.USBD_LL_DevConnected)
    USBD_LL_DevDisconnected                  0x080062fb   Thumb Code    26  usbd_core.o(i.USBD_LL_DevDisconnected)
    USBD_LL_FlushEP                          0x08006315   Thumb Code    20  usbd_conf.o(i.USBD_LL_FlushEP)
    USBD_LL_GetRxDataSize                    0x08006329   Thumb Code    18  usbd_conf.o(i.USBD_LL_GetRxDataSize)
    USBD_LL_Init                             0x0800633d   Thumb Code    92  usbd_conf.o(i.USBD_LL_Init)
    USBD_LL_IsStallEP                        0x0800639d   Thumb Code    56  usbd_conf.o(i.USBD_LL_IsStallEP)
    USBD_LL_IsoINIncomplete                  0x080063d5   Thumb Code     6  usbd_core.o(i.USBD_LL_IsoINIncomplete)
    USBD_LL_IsoOUTIncomplete                 0x080063db   Thumb Code     6  usbd_core.o(i.USBD_LL_IsoOUTIncomplete)
    USBD_LL_OpenEP                           0x080063e1   Thumb Code    32  usbd_conf.o(i.USBD_LL_OpenEP)
    USBD_LL_PrepareReceive                   0x08006401   Thumb Code    32  usbd_conf.o(i.USBD_LL_PrepareReceive)
    USBD_LL_Reset                            0x08006421   Thumb Code    68  usbd_core.o(i.USBD_LL_Reset)
    USBD_LL_Resume                           0x08006465   Thumb Code    14  usbd_core.o(i.USBD_LL_Resume)
    USBD_LL_SOF                              0x08006473   Thumb Code    34  usbd_core.o(i.USBD_LL_SOF)
    USBD_LL_SetSpeed                         0x08006495   Thumb Code     8  usbd_core.o(i.USBD_LL_SetSpeed)
    USBD_LL_SetUSBAddress                    0x0800649d   Thumb Code    20  usbd_conf.o(i.USBD_LL_SetUSBAddress)
    USBD_LL_SetupStage                       0x080064b1   Thumb Code   110  usbd_core.o(i.USBD_LL_SetupStage)
    USBD_LL_StallEP                          0x0800651f   Thumb Code    20  usbd_conf.o(i.USBD_LL_StallEP)
    USBD_LL_Start                            0x08006533   Thumb Code    16  usbd_conf.o(i.USBD_LL_Start)
    USBD_LL_Suspend                          0x08006543   Thumb Code    20  usbd_core.o(i.USBD_LL_Suspend)
    USBD_LL_Transmit                         0x08006557   Thumb Code    32  usbd_conf.o(i.USBD_LL_Transmit)
    USBD_LangIDStrDescriptor                 0x08006579   Thumb Code    10  usbd_desc.o(i.USBD_LangIDStrDescriptor)
    USBD_MSC_ConfigStrDescriptor             0x08006589   Thumb Code    34  usbd_msc_desc.o(i.USBD_MSC_ConfigStrDescriptor)
    USBD_MSC_DataIn                          0x080065bd   Thumb Code    18  usbd_msc.o(i.USBD_MSC_DataIn)
    USBD_MSC_DataOut                         0x080065cf   Thumb Code    18  usbd_msc.o(i.USBD_MSC_DataOut)
    USBD_MSC_DeInit                          0x080065e1   Thumb Code    52  usbd_msc.o(i.USBD_MSC_DeInit)
    USBD_MSC_DeviceDescriptor                0x08006615   Thumb Code    10  usbd_msc_desc.o(i.USBD_MSC_DeviceDescriptor)
    USBD_MSC_GetDeviceQualifierDescriptor    0x08006625   Thumb Code    10  usbd_msc.o(i.USBD_MSC_GetDeviceQualifierDescriptor)
    USBD_MSC_GetFSCfgDesc                    0x08006635   Thumb Code    10  usbd_msc.o(i.USBD_MSC_GetFSCfgDesc)
    USBD_MSC_GetHSCfgDesc                    0x08006645   Thumb Code    10  usbd_msc.o(i.USBD_MSC_GetHSCfgDesc)
    USBD_MSC_GetOtherSpeedCfgDesc            0x08006655   Thumb Code    10  usbd_msc.o(i.USBD_MSC_GetOtherSpeedCfgDesc)
    USBD_MSC_Init                            0x08006665   Thumb Code   100  usbd_msc.o(i.USBD_MSC_Init)
    USBD_MSC_InterfaceStrDescriptor          0x080066c9   Thumb Code    34  usbd_msc_desc.o(i.USBD_MSC_InterfaceStrDescriptor)
    USBD_MSC_LangIDStrDescriptor             0x08006701   Thumb Code    10  usbd_msc_desc.o(i.USBD_MSC_LangIDStrDescriptor)
    USBD_MSC_ManufacturerStrDescriptor       0x08006711   Thumb Code    20  usbd_msc_desc.o(i.USBD_MSC_ManufacturerStrDescriptor)
    USBD_MSC_ProductStrDescriptor            0x0800673d   Thumb Code    34  usbd_msc_desc.o(i.USBD_MSC_ProductStrDescriptor)
    USBD_MSC_RegisterStorage                 0x08006775   Thumb Code    12  usbd_msc.o(i.USBD_MSC_RegisterStorage)
    USBD_MSC_SerialStrDescriptor             0x08006781   Thumb Code    18  usbd_msc_desc.o(i.USBD_MSC_SerialStrDescriptor)
    USBD_MSC_Setup                           0x08006799   Thumb Code   298  usbd_msc.o(i.USBD_MSC_Setup)
    USBD_ManufacturerStrDescriptor           0x080068c5   Thumb Code    20  usbd_desc.o(i.USBD_ManufacturerStrDescriptor)
    USBD_ParseSetupRequest                   0x080068ed   Thumb Code    40  usbd_ctlreq.o(i.USBD_ParseSetupRequest)
    USBD_ProductStrDescriptor                0x08006915   Thumb Code    34  usbd_desc.o(i.USBD_ProductStrDescriptor)
    USBD_RegisterClass                       0x08006955   Thumb Code    16  usbd_core.o(i.USBD_RegisterClass)
    USBD_RunTestMode                         0x08006965   Thumb Code     6  usbd_core.o(i.USBD_RunTestMode)
    USBD_SerialStrDescriptor                 0x0800696d   Thumb Code    18  usbd_desc.o(i.USBD_SerialStrDescriptor)
    USBD_SetClassConfig                      0x080069d9   Thumb Code    34  usbd_core.o(i.USBD_SetClassConfig)
    USBD_Start                               0x08006b01   Thumb Code    14  usbd_core.o(i.USBD_Start)
    USBD_StdDevReq                           0x08006b0f   Thumb Code   114  usbd_ctlreq.o(i.USBD_StdDevReq)
    USBD_StdEPReq                            0x08006b81   Thumb Code   316  usbd_ctlreq.o(i.USBD_StdEPReq)
    USBD_StdItfReq                           0x08006cbd   Thumb Code    74  usbd_ctlreq.o(i.USBD_StdItfReq)
    USB_ActivateEndpoint                     0x08006db1   Thumb Code   192  stm32f2xx_ll_usb.o(i.USB_ActivateEndpoint)
    USB_ActivateSetup                        0x08006e75   Thumb Code    68  stm32f2xx_ll_usb.o(i.USB_ActivateSetup)
    USB_CoreInit                             0x08006eb9   Thumb Code   100  stm32f2xx_ll_usb.o(i.USB_CoreInit)
    USB_DeactivateEndpoint                   0x08006f6d   Thumb Code   162  stm32f2xx_ll_usb.o(i.USB_DeactivateEndpoint)
    USB_DevConnect                           0x08007015   Thumb Code    30  stm32f2xx_ll_usb.o(i.USB_DevConnect)
    USB_DevDisconnect                        0x08007033   Thumb Code    30  stm32f2xx_ll_usb.o(i.USB_DevDisconnect)
    USB_DevInit                              0x08007051   Thumb Code   396  stm32f2xx_ll_usb.o(i.USB_DevInit)
    USB_DisableGlobalInt                     0x080071ed   Thumb Code    14  stm32f2xx_ll_usb.o(i.USB_DisableGlobalInt)
    USB_EP0StartXfer                         0x080071fd   Thumb Code   426  stm32f2xx_ll_usb.o(i.USB_EP0StartXfer)
    USB_EP0_OutStart                         0x080073ad   Thumb Code    68  stm32f2xx_ll_usb.o(i.USB_EP0_OutStart)
    USB_EPClearStall                         0x080073f1   Thumb Code   136  stm32f2xx_ll_usb.o(i.USB_EPClearStall)
    USB_EPSetStall                           0x08007479   Thumb Code   140  stm32f2xx_ll_usb.o(i.USB_EPSetStall)
    USB_EPStartXfer                          0x08007505   Thumb Code   714  stm32f2xx_ll_usb.o(i.USB_EPStartXfer)
    USB_EnableGlobalInt                      0x080077d5   Thumb Code    14  stm32f2xx_ll_usb.o(i.USB_EnableGlobalInt)
    USB_FlushRxFifo                          0x080077e5   Thumb Code    38  stm32f2xx_ll_usb.o(i.USB_FlushRxFifo)
    USB_FlushTxFifo                          0x08007811   Thumb Code    44  stm32f2xx_ll_usb.o(i.USB_FlushTxFifo)
    USB_GetDevSpeed                          0x08007841   Thumb Code    68  stm32f2xx_ll_usb.o(i.USB_GetDevSpeed)
    USB_GetMode                              0x08007885   Thumb Code    10  stm32f2xx_ll_usb.o(i.USB_GetMode)
    USB_ReadDevAllInEpInterrupt              0x0800788f   Thumb Code    18  stm32f2xx_ll_usb.o(i.USB_ReadDevAllInEpInterrupt)
    USB_ReadDevAllOutEpInterrupt             0x080078a1   Thumb Code    18  stm32f2xx_ll_usb.o(i.USB_ReadDevAllOutEpInterrupt)
    USB_ReadDevInEPInterrupt                 0x080078b3   Thumb Code    44  stm32f2xx_ll_usb.o(i.USB_ReadDevInEPInterrupt)
    USB_ReadDevOutEPInterrupt                0x080078df   Thumb Code    22  stm32f2xx_ll_usb.o(i.USB_ReadDevOutEPInterrupt)
    USB_ReadInterrupts                       0x080078f5   Thumb Code    12  stm32f2xx_ll_usb.o(i.USB_ReadInterrupts)
    USB_ReadPacket                           0x08007901   Thumb Code    34  stm32f2xx_ll_usb.o(i.USB_ReadPacket)
    USB_Respone                              0x08007925   Thumb Code    58  usb_core.o(i.USB_Respone)
    USB_SetCurrentMode                       0x0800796d   Thumb Code    48  stm32f2xx_ll_usb.o(i.USB_SetCurrentMode)
    USB_SetDevAddress                        0x0800799d   Thumb Code    36  stm32f2xx_ll_usb.o(i.USB_SetDevAddress)
    USB_SetDevSpeed                          0x080079c1   Thumb Code    16  stm32f2xx_ll_usb.o(i.USB_SetDevSpeed)
    USB_WritePacket                          0x080079d1   Thumb Code    48  stm32f2xx_ll_usb.o(i.USB_WritePacket)
    USB_vInit                                0x08007a01   Thumb Code    26  usb_core.o(i.USB_vInit)
    UsageFault_Handler                       0x08007a21   Thumb Code    10  stm32f2xx_it.o(i.UsageFault_Handler)
    __scatterload_copy                       0x08007a2b   Thumb Code    14  handlers.o(i.__scatterload_copy)
    __scatterload_null                       0x08007a39   Thumb Code     2  handlers.o(i.__scatterload_null)
    __scatterload_zeroinit                   0x08007a3b   Thumb Code    14  handlers.o(i.__scatterload_zeroinit)
    free                                     0x08007a49   Thumb Code    76  malloc.o(i.free)
    main                                     0x08007aa9   Thumb Code    76  main.o(i.main)
    malloc                                   0x08007b15   Thumb Code    92  malloc.o(i.malloc)
    osDelay                                  0x08007b81   Thumb Code    24  cmsis_os.o(i.osDelay)
    osKernelStart                            0x08007b99   Thumb Code    10  cmsis_os.o(i.osKernelStart)
    osSystickHandler                         0x08007ba3   Thumb Code    16  cmsis_os.o(i.osSystickHandler)
    osThreadCreate                           0x08007bb3   Thumb Code    58  cmsis_os.o(i.osThreadCreate)
    osTimerCreate                            0x08007bed   Thumb Code    36  cmsis_os.o(i.osTimerCreate)
    osTimerStart                             0x08007c15   Thumb Code    92  cmsis_os.o(i.osTimerStart)
    pvPortMalloc                             0x08008405   Thumb Code   188  heap_4.o(i.pvPortMalloc)
    pvTaskIncrementMutexHeldCount            0x080084d5   Thumb Code    26  tasks.o(i.pvTaskIncrementMutexHeldCount)
    pxPortInitialiseStack                    0x080084f5   Thumb Code    26  port.o(i.pxPortInitialiseStack)
    uxListRemove                             0x08008515   Thumb Code    40  list.o(i.uxListRemove)
    vListInitialise                          0x0800853d   Thumb Code    26  list.o(i.vListInitialise)
    vListInitialiseItem                      0x08008557   Thumb Code     6  list.o(i.vListInitialiseItem)
    vListInsert                              0x0800855d   Thumb Code    52  list.o(i.vListInsert)
    vListInsertEnd                           0x08008591   Thumb Code    24  list.o(i.vListInsertEnd)
    vPortEnterCritical                       0x080085a9   Thumb Code    26  port.o(i.vPortEnterCritical)
    vPortExitCritical                        0x080085c9   Thumb Code    26  port.o(i.vPortExitCritical)
    vPortFree                                0x080085e9   Thumb Code    64  heap_4.o(i.vPortFree)
    vPortSetupTimerInterrupt                 0x08008631   Thumb Code    26  port.o(i.vPortSetupTimerInterrupt)
    vPortYield                               0x08008651   Thumb Code    18  port.o(i.vPortYield)
    vQueueAddToRegistry                      0x08008669   Thumb Code    38  queue.o(i.vQueueAddToRegistry)
    vQueueWaitForMessageRestricted           0x08008695   Thumb Code    66  queue.o(i.vQueueWaitForMessageRestricted)
    vTaskDelay                               0x080086d9   Thumb Code    72  tasks.o(i.vTaskDelay)
    vTaskMissedYield                         0x0800872d   Thumb Code     8  tasks.o(i.vTaskMissedYield)
    vTaskPlaceOnEventList                    0x08008739   Thumb Code    84  tasks.o(i.vTaskPlaceOnEventList)
    vTaskPlaceOnEventListRestricted          0x0800879d   Thumb Code    90  tasks.o(i.vTaskPlaceOnEventListRestricted)
    vTaskPriorityInherit                     0x08008809   Thumb Code   164  tasks.o(i.vTaskPriorityInherit)
    vTaskSetTimeOutState                     0x080088b9   Thumb Code    14  tasks.o(i.vTaskSetTimeOutState)
    vTaskStartScheduler                      0x080088d1   Thumb Code    68  tasks.o(i.vTaskStartScheduler)
    vTaskSuspendAll                          0x0800892d   Thumb Code    12  tasks.o(i.vTaskSuspendAll)
    vTaskSwitchContext                       0x0800893d   Thumb Code    76  tasks.o(i.vTaskSwitchContext)
    xPortStartScheduler                      0x0800899d   Thumb Code    42  port.o(i.xPortStartScheduler)
    xPortSysTickHandler                      0x080089d1   Thumb Code    28  port.o(i.xPortSysTickHandler)
    xQueueGenericCreate                      0x080089f1   Thumb Code    74  queue.o(i.xQueueGenericCreate)
    xQueueGenericReceive                     0x08008a3b   Thumb Code   284  queue.o(i.xQueueGenericReceive)
    xQueueGenericReset                       0x08008b57   Thumb Code   110  queue.o(i.xQueueGenericReset)
    xQueueGenericSend                        0x08008bc5   Thumb Code   234  queue.o(i.xQueueGenericSend)
    xQueueGenericSendFromISR                 0x08008caf   Thumb Code   106  queue.o(i.xQueueGenericSendFromISR)
    xTaskCheckForTimeOut                     0x08008d19   Thumb Code    84  tasks.o(i.xTaskCheckForTimeOut)
    xTaskGenericCreate                       0x08008d75   Thumb Code   232  tasks.o(i.xTaskGenericCreate)
    xTaskGetSchedulerState                   0x08008e75   Thumb Code    24  tasks.o(i.xTaskGetSchedulerState)
    xTaskGetTickCount                        0x08008e95   Thumb Code     6  tasks.o(i.xTaskGetTickCount)
    xTaskIncrementTick                       0x08008ea1   Thumb Code   242  tasks.o(i.xTaskIncrementTick)
    xTaskPriorityDisinherit                  0x08008fc1   Thumb Code   122  tasks.o(i.xTaskPriorityDisinherit)
    xTaskRemoveFromEventList                 0x08009045   Thumb Code   104  tasks.o(i.xTaskRemoveFromEventList)
    xTaskResumeAll                           0x080090c5   Thumb Code   186  tasks.o(i.xTaskResumeAll)
    xTimerCreate                             0x080091a1   Thumb Code    62  timers.o(i.xTimerCreate)
    xTimerCreateTimerTask                    0x080091e1   Thumb Code    48  timers.o(i.xTimerCreateTimerTask)
    xTimerGenericCommand                     0x08009221   Thumb Code   102  timers.o(i.xTimerGenericCommand)
    APBAHBPrescTable                         0x080092bc   Data          16  stm32f2xx_hal_rcc.o(.constdata)
    MSC_Page00_Inquiry_Data                  0x080092cc   Data           7  usbd_msc_data.o(.constdata)
    MSC_Mode_Sense6_data                     0x080092d3   Data           8  usbd_msc_data.o(.constdata)
    MSC_Mode_Sense10_data                    0x080092db   Data           8  usbd_msc_data.o(.constdata)
    Region$$Table$$Base                      0x080092f0   Number         0  anon$$obj.o(Region$$Table)
    Region$$Table$$Limit                     0x08009310   Number         0  anon$$obj.o(Region$$Table)
    bConnectWithVFD                          0x20000010   Data           1  main.o(.data)
    dwCounter                                0x20000018   Data           4  main.o(.data)
    eFcState                                 0x20000020   Data           1  lcp_port.o(.data)
    wRxLength                                0x20000022   Data           2  lcp_port.o(.data)
    ms_tick                                  0x20000024   Data           4  lcp_port.o(.data)
    USBD_CustomHID_fops                      0x20000074   Data          24  usbd_customhid_if.o(.data)
    USBD_Desc                                0x20000090   Data          28  usbd_desc.o(.data)
    USBD_DeviceDesc                          0x200000ac   Data          18  usbd_desc.o(.data)
    USBD_LangIDDesc                          0x200000c0   Data           4  usbd_desc.o(.data)
    USBD_StringSerial                        0x200000c4   Data          26  usbd_desc.o(.data)
    STORAGE_Inquirydata                      0x200000e0   Data          36  usbd_storage.o(.data)
    USBD_DISK_fops                           0x20000104   Data          32  usbd_storage.o(.data)
    MSC_Desc                                 0x20000128   Data          28  usbd_msc_desc.o(.data)
    USBD_SMC_DeviceDesc                      0x20000144   Data          18  usbd_msc_desc.o(.data)
    USBD_SMC_LangIDDesc                      0x20000158   Data           4  usbd_msc_desc.o(.data)
    USBD_SMC_StringSerial                    0x2000015c   Data          26  usbd_msc_desc.o(.data)
    SdStatus                                 0x20000176   Data           1  spi_mem.o(.data)
    SystemCoreClock                          0x20000178   Data           4  system_stm32f2xx.o(.data)
    uwTick                                   0x2000017c   Data           4  stm32f2xx_hal.o(.data)
    USBD_MSC                                 0x20000184   Data          56  usbd_msc.o(.data)
    USBD_MSC_CfgHSDesc                       0x200001bc   Data          32  usbd_msc.o(.data)
    USBD_MSC_CfgFSDesc                       0x200001dc   Data          32  usbd_msc.o(.data)
    USBD_MSC_OtherSpeedCfgDesc               0x200001fc   Data          32  usbd_msc.o(.data)
    USBD_MSC_DeviceQualifierDesc             0x2000021c   Data          10  usbd_msc.o(.data)
    USBD_CUSTOM_HID                          0x20000228   Data          56  usbd_customhid.o(.data)
    USBD_CUSTOM_HID_CfgDesc                  0x20000260   Data          41  usbd_customhid.o(.data)
    USBD_CUSTOM_HID_Desc                     0x2000028c   Data           9  usbd_customhid.o(.data)
    USBD_CUSTOM_HID_DeviceQualifierDesc      0x20000298   Data          10  usbd_customhid.o(.data)
    pxCurrentTCB                             0x200002b4   Data           4  tasks.o(.data)
    __microlib_freelist                      0x20000308   Data           4  mvars.o(.data)
    __microlib_freelist_initialised          0x2000030c   Data           4  mvars.o(.data)
    hspi2_nor                                0x20000310   Data          88  boardbsp.o(.bss)
    hspi1_BlueBRG                            0x20000368   Data          88  boardbsp.o(.bss)
    htim2                                    0x200003c0   Data          60  boardbsp.o(.bss)
    huart3                                   0x200003fc   Data          64  boardbsp.o(.bss)
    hadc1                                    0x2000043c   Data          72  boardbsp.o(.bss)
    hdma_usart3_tx                           0x20000484   Data          96  boardbsp.o(.bss)
    hdma_usart3_rx                           0x200004e4   Data          96  boardbsp.o(.bss)
    byTxBuffer                               0x20000544   Data         128  usbd_customhid_if.o(.bss)
    byRxBuffer                               0x200005c4   Data         128  usbd_customhid_if.o(.bss)
    USBD_StrDesc                             0x20000644   Data         256  usbd_desc.o(.bss)
    hpcd                                     0x20000744   Data         944  usbd_conf.o(.bss)
    USBD_Device                              0x20000af4   Data         552  usb_core.o(.bss)
    USBD_SMC_StrDesc                         0x20000d80   Data         256  usbd_msc_desc.o(.bss)
    htim6                                    0x20000e80   Data          60  stm32f2xx_hal_timebase_tim.o(.bss)
    xQueueRegistry                           0x20000ebc   Data          64  queue.o(.bss)
    __heap_base                              0x20006018   Data           0  startup_stm32f205xx.o(HEAP)
    __heap_limit                             0x2000a018   Data           0  startup_stm32f205xx.o(HEAP)
    __initial_sp                             0x2000d018   Data           0  startup_stm32f205xx.o(STACK)



==============================================================================

Memory Map of the image

  Image Entry point : 0x08000185

  Load Region LR_IROM1 (Base: 0x08000000, Size: 0x00009610, Max: 0x00100000, ABSOLUTE, COMPRESSED[0x00009480])

    Execution Region ER_IROM1 (Base: 0x08000000, Size: 0x00009310, Max: 0x00100000, ABSOLUTE)

    Base Addr    Size         Type   Attr      Idx    E Section Name        Object

    0x08000000   0x00000184   Data   RO         5927    RESET               startup_stm32f205xx.o
    0x08000184   0x00000000   Code   RO         6984  * .ARM.Collect$$$$00000000  mc_w.l(entry.o)
    0x08000184   0x00000004   Code   RO         7029    .ARM.Collect$$$$00000001  mc_w.l(entry2.o)
    0x08000188   0x00000004   Code   RO         7032    .ARM.Collect$$$$00000004  mc_w.l(entry5.o)
    0x0800018c   0x00000000   Code   RO         7034    .ARM.Collect$$$$00000008  mc_w.l(entry7b.o)
    0x0800018c   0x00000000   Code   RO         7036    .ARM.Collect$$$$0000000A  mc_w.l(entry8b.o)
    0x0800018c   0x00000008   Code   RO         7037    .ARM.Collect$$$$0000000B  mc_w.l(entry9a.o)
    0x08000194   0x00000000   Code   RO         7039    .ARM.Collect$$$$0000000D  mc_w.l(entry10a.o)
    0x08000194   0x00000000   Code   RO         7041    .ARM.Collect$$$$0000000F  mc_w.l(entry11a.o)
    0x08000194   0x00000004   Code   RO         7030    .ARM.Collect$$$$00002712  mc_w.l(entry2.o)
    0x08000198   0x000000a2   Code   RO         6919    .emb_text           port.o
    0x0800023a   0x00000002   PAD
    0x0800023c   0x00000024   Code   RO         5928    .text               startup_stm32f205xx.o
    0x08000260   0x00000024   Code   RO         6987    .text               mc_w.l(memcpya.o)
    0x08000284   0x00000024   Code   RO         6989    .text               mc_w.l(memseta.o)
    0x080002a8   0x00000024   Code   RO         6991    .text               mc_w.l(strstr.o)
    0x080002cc   0x0000000e   Code   RO         6993    .text               mc_w.l(strlen.o)
    0x080002da   0x0000001a   Code   RO         6995    .text               mc_w.l(memcmp.o)
    0x080002f4   0x00000012   Code   RO         6997    .text               mc_w.l(strcpy.o)
    0x08000306   0x00000002   PAD
    0x08000308   0x00000024   Code   RO         7045    .text               mc_w.l(init.o)
    0x0800032c   0x00000056   Code   RO         7055    .text               mc_w.l(__dczerorl2.o)
    0x08000382   0x00000002   PAD
    0x08000384   0x00000064   Code   RO          256    i.ADC1_Init         boardbsp.o
    0x080003e8   0x00000178   Code   RO         1438    i.ADC_Init          stm32f2xx_hal_adc.o
    0x08000560   0x00000068   Code   RO         1007    i.BSP_MEM_GetCardInfo  spi_mem.o
    0x080005c8   0x00000004   Code   RO         1008    i.BSP_MEM_GetStatus  spi_mem.o
    0x080005cc   0x00000028   Code   RO         1009    i.BSP_MEM_Init      spi_mem.o
    0x080005f4   0x0000000c   Code   RO         1010    i.BSP_MEM_IsDetected  spi_mem.o
    0x08000600   0x00000058   Code   RO         1011    i.BSP_MEM_ReadBlocks  spi_mem.o
    0x08000658   0x000000a4   Code   RO         1012    i.BSP_MEM_WriteBlocks  spi_mem.o
    0x080006fc   0x00000020   Code   RO          259    i.BspInit           boardbsp.o
    0x0800071c   0x0000000a   Code   RO         4407    i.BusFault_Handler  stm32f2xx_it.o
    0x08000726   0x00000002   PAD
    0x08000728   0x000000c8   Code   RO          381    i.CheckPolling      lcp_port.o
    0x080007f0   0x00000084   Code   RO            3    i.CoreTimeRoutine   main.o
    0x08000874   0x00000004   Code   RO          495    i.CustomHID_DeInit  usbd_customhid_if.o
    0x08000878   0x00000004   Code   RO          496    i.CustomHID_Init    usbd_customhid_if.o
    0x0800087c   0x00000060   Code   RO          497    i.CustomHID_OutData  usbd_customhid_if.o
    0x080008dc   0x00000006   Code   RO          498    i.CustomHID_OutEvent  usbd_customhid_if.o
    0x080008e2   0x00000002   PAD
    0x080008e4   0x00000080   Code   RO          499    i.CustomHID_ReportFeature  usbd_customhid_if.o
    0x08000964   0x00000010   Code   RO         4408    i.DMA1_Stream1_IRQHandler  stm32f2xx_it.o
    0x08000974   0x00000010   Code   RO         4409    i.DMA1_Stream3_IRQHandler  stm32f2xx_it.o
    0x08000984   0x00000034   Code   RO         1838    i.DMA_CalcBaseAndBitshift  stm32f2xx_hal_dma.o
    0x080009b8   0x00000002   Code   RO         4410    i.DebugMon_Handler  stm32f2xx_it.o
    0x080009ba   0x00000002   PAD
    0x080009bc   0x0000001c   Code   RO          260    i.Error_Handler     boardbsp.o
    0x080009d8   0x00000160   Code   RO          261    i.GPIO_Init         boardbsp.o
    0x08000b38   0x00000034   Code   RO          547    i.Get_SerialNum     usbd_desc.o
    0x08000b6c   0x00000034   Code   RO          927    i.Get_SerialNum     usbd_msc_desc.o
    0x08000ba0   0x00000194   Code   RO         1440    i.HAL_ADC_ConfigChannel  stm32f2xx_hal_adc.o
    0x08000d34   0x00000068   Code   RO         1449    i.HAL_ADC_Init      stm32f2xx_hal_adc.o
    0x08000d9c   0x00000054   Code   RO         4307    i.HAL_ADC_MspInit   stm32f2xx_hal_msp.o
    0x08000df0   0x00000100   Code   RO         1455    i.HAL_ADC_Start     stm32f2xx_hal_adc.o
    0x08000ef0   0x00000028   Code   RO         1842    i.HAL_DMA_Abort_IT  stm32f2xx_hal_dma.o
    0x08000f18   0x00000062   Code   RO         1843    i.HAL_DMA_DeInit    stm32f2xx_hal_dma.o
    0x08000f7a   0x00000002   PAD
    0x08000f7c   0x00000248   Code   RO         1846    i.HAL_DMA_IRQHandler  stm32f2xx_hal_dma.o
    0x080011c4   0x0000001e   Code   RO            4    i.HAL_Delay         main.o
    0x080011e2   0x00000002   PAD
    0x080011e4   0x00000174   Code   RO         1985    i.HAL_GPIO_DeInit   stm32f2xx_hal_gpio.o
    0x08001358   0x0000020c   Code   RO         1988    i.HAL_GPIO_Init     stm32f2xx_hal_gpio.o
    0x08001564   0x00000008   Code   RO         1991    i.HAL_GPIO_TogglePin  stm32f2xx_hal_gpio.o
    0x0800156c   0x0000000c   Code   RO         1992    i.HAL_GPIO_WritePin  stm32f2xx_hal_gpio.o
    0x08001578   0x0000000c   Code   RO         1301    i.HAL_GetTick       stm32f2xx_hal.o
    0x08001584   0x00000044   Code   RO         3607    i.HAL_HalfDuplex_EnableReceiver  stm32f2xx_hal_uart.o
    0x080015c8   0x00000044   Code   RO         3608    i.HAL_HalfDuplex_EnableTransmitter  stm32f2xx_hal_uart.o
    0x0800160c   0x00000010   Code   RO         1302    i.HAL_IncTick       stm32f2xx_hal.o
    0x0800161c   0x00000028   Code   RO         1303    i.HAL_Init          stm32f2xx_hal.o
    0x08001644   0x0000008c   Code   RO         4367    i.HAL_InitTick      stm32f2xx_hal_timebase_tim.o
    0x080016d0   0x00000056   Code   RO         4308    i.HAL_MspInit       stm32f2xx_hal_msp.o
    0x08001726   0x0000001a   Code   RO         1713    i.HAL_NVIC_EnableIRQ  stm32f2xx_hal_cortex.o
    0x08001740   0x0000007c   Code   RO         1719    i.HAL_NVIC_SetPriority  stm32f2xx_hal_cortex.o
    0x080017bc   0x00000028   Code   RO         1720    i.HAL_NVIC_SetPriorityGrouping  stm32f2xx_hal_cortex.o
    0x080017e4   0x0000000a   Code   RO         2430    i.HAL_PCDEx_SetRxFiFo  stm32f2xx_hal_pcd_ex.o
    0x080017ee   0x00000052   Code   RO         2431    i.HAL_PCDEx_SetTxFiFo  stm32f2xx_hal_pcd_ex.o
    0x08001840   0x0000000e   Code   RO          621    i.HAL_PCD_ConnectCallback  usbd_conf.o
    0x0800184e   0x00000020   Code   RO          622    i.HAL_PCD_DataInStageCallback  usbd_conf.o
    0x0800186e   0x00000020   Code   RO          623    i.HAL_PCD_DataOutStageCallback  usbd_conf.o
    0x0800188e   0x0000000e   Code   RO          624    i.HAL_PCD_DisconnectCallback  usbd_conf.o
    0x0800189c   0x0000006a   Code   RO         2224    i.HAL_PCD_EP_Close  stm32f2xx_hal_pcd.o
    0x08001906   0x00000068   Code   RO         2225    i.HAL_PCD_EP_ClrStall  stm32f2xx_hal_pcd.o
    0x0800196e   0x00000044   Code   RO         2226    i.HAL_PCD_EP_Flush  stm32f2xx_hal_pcd.o
    0x080019b2   0x00000018   Code   RO         2227    i.HAL_PCD_EP_GetRxCount  stm32f2xx_hal_pcd.o
    0x080019ca   0x0000008c   Code   RO         2228    i.HAL_PCD_EP_Open   stm32f2xx_hal_pcd.o
    0x08001a56   0x00000078   Code   RO         2229    i.HAL_PCD_EP_Receive  stm32f2xx_hal_pcd.o
    0x08001ace   0x0000007a   Code   RO         2230    i.HAL_PCD_EP_SetStall  stm32f2xx_hal_pcd.o
    0x08001b48   0x0000007a   Code   RO         2231    i.HAL_PCD_EP_Transmit  stm32f2xx_hal_pcd.o
    0x08001bc2   0x00000002   PAD
    0x08001bc4   0x0000066c   Code   RO         2233    i.HAL_PCD_IRQHandler  stm32f2xx_hal_pcd.o
    0x08002230   0x00000012   Code   RO          625    i.HAL_PCD_ISOINIncompleteCallback  usbd_conf.o
    0x08002242   0x00000012   Code   RO          626    i.HAL_PCD_ISOOUTIncompleteCallback  usbd_conf.o
    0x08002254   0x00000142   Code   RO         2236    i.HAL_PCD_Init      stm32f2xx_hal_pcd.o
    0x08002396   0x00000002   PAD
    0x08002398   0x00000118   Code   RO          628    i.HAL_PCD_MspInit   usbd_conf.o
    0x080024b0   0x00000032   Code   RO          629    i.HAL_PCD_ResetCallback  usbd_conf.o
    0x080024e2   0x0000000e   Code   RO          630    i.HAL_PCD_ResumeCallback  usbd_conf.o
    0x080024f0   0x0000000e   Code   RO          631    i.HAL_PCD_SOFCallback  usbd_conf.o
    0x080024fe   0x00000032   Code   RO         2242    i.HAL_PCD_SetAddress  stm32f2xx_hal_pcd.o
    0x08002530   0x00000012   Code   RO          632    i.HAL_PCD_SetupStageCallback  usbd_conf.o
    0x08002542   0x00000034   Code   RO         2244    i.HAL_PCD_Start     stm32f2xx_hal_pcd.o
    0x08002576   0x00000002   PAD
    0x08002578   0x00000034   Code   RO          633    i.HAL_PCD_SuspendCallback  usbd_conf.o
    0x080025ac   0x000001a0   Code   RO         4154    i.HAL_RCC_ClockConfig  stm32f2xx_hal_rcc.o
    0x0800274c   0x00000044   Code   RO         4158    i.HAL_RCC_GetClockConfig  stm32f2xx_hal_rcc.o
    0x08002790   0x0000000c   Code   RO         4159    i.HAL_RCC_GetHCLKFreq  stm32f2xx_hal_rcc.o
    0x0800279c   0x0000002c   Code   RO         4161    i.HAL_RCC_GetPCLK1Freq  stm32f2xx_hal_rcc.o
    0x080027c8   0x0000002c   Code   RO         4162    i.HAL_RCC_GetPCLK2Freq  stm32f2xx_hal_rcc.o
    0x080027f4   0x000000b0   Code   RO         4163    i.HAL_RCC_GetSysClockFreq  stm32f2xx_hal_rcc.o
    0x080028a4   0x0000039c   Code   RO         4166    i.HAL_RCC_OscConfig  stm32f2xx_hal_rcc.o
    0x08002c40   0x00000036   Code   RO         2461    i.HAL_SPI_DeInit    stm32f2xx_hal_spi.o
    0x08002c76   0x0000008c   Code   RO         2466    i.HAL_SPI_Init      stm32f2xx_hal_spi.o
    0x08002d02   0x00000002   PAD
    0x08002d04   0x0000005c   Code   RO         4309    i.HAL_SPI_MspDeInit  stm32f2xx_hal_msp.o
    0x08002d60   0x000000b0   Code   RO         4310    i.HAL_SPI_MspInit   stm32f2xx_hal_msp.o
    0x08002e10   0x0000016c   Code   RO         2469    i.HAL_SPI_Receive   stm32f2xx_hal_spi.o
    0x08002f7c   0x000001a6   Code   RO         2474    i.HAL_SPI_Transmit  stm32f2xx_hal_spi.o
    0x08003122   0x0000021e   Code   RO         2475    i.HAL_SPI_TransmitReceive  stm32f2xx_hal_spi.o
    0x08003340   0x00000028   Code   RO         1722    i.HAL_SYSTICK_CLKSourceConfig  stm32f2xx_hal_cortex.o
    0x08003368   0x00000034   Code   RO         1724    i.HAL_SYSTICK_Config  stm32f2xx_hal_cortex.o
    0x0800339c   0x00000002   Code   RO         3368    i.HAL_TIMEx_BreakCallback  stm32f2xx_hal_tim_ex.o
    0x0800339e   0x00000002   Code   RO         3369    i.HAL_TIMEx_CommutationCallback  stm32f2xx_hal_tim_ex.o
    0x080033a0   0x00000062   Code   RO         3385    i.HAL_TIMEx_MasterConfigSynchronization  stm32f2xx_hal_tim_ex.o
    0x08003402   0x00000034   Code   RO         2729    i.HAL_TIM_Base_Init  stm32f2xx_hal_tim.o
    0x08003436   0x00000002   Code   RO         2731    i.HAL_TIM_Base_MspInit  stm32f2xx_hal_tim.o
    0x08003438   0x0000001e   Code   RO         2734    i.HAL_TIM_Base_Start_IT  stm32f2xx_hal_tim.o
    0x08003456   0x00000132   Code   RO         2738    i.HAL_TIM_ConfigClockSource  stm32f2xx_hal_tim.o
    0x08003588   0x00000002   Code   RO         2758    i.HAL_TIM_IC_CaptureCallback  stm32f2xx_hal_tim.o
    0x0800358a   0x00000196   Code   RO         2771    i.HAL_TIM_IRQHandler  stm32f2xx_hal_tim.o
    0x08003720   0x00000074   Code   RO         2772    i.HAL_TIM_OC_ConfigChannel  stm32f2xx_hal_tim.o
    0x08003794   0x00000002   Code   RO         2774    i.HAL_TIM_OC_DelayElapsedCallback  stm32f2xx_hal_tim.o
    0x08003796   0x00000034   Code   RO         2776    i.HAL_TIM_OC_Init   stm32f2xx_hal_tim.o
    0x080037ca   0x00000002   Code   RO         2778    i.HAL_TIM_OC_MspInit  stm32f2xx_hal_tim.o
    0x080037cc   0x00000002   Code   RO         2801    i.HAL_TIM_PWM_PulseFinishedCallback  stm32f2xx_hal_tim.o
    0x080037ce   0x00000002   PAD
    0x080037d0   0x00000018   Code   RO          262    i.HAL_TIM_PeriodElapsedCallback  boardbsp.o
    0x080037e8   0x00000056   Code   RO         2810    i.HAL_TIM_SlaveConfigSynchronization  stm32f2xx_hal_tim.o
    0x0800383e   0x00000002   Code   RO         2812    i.HAL_TIM_TriggerCallback  stm32f2xx_hal_tim.o
    0x08003840   0x0000002e   Code   RO         3618    i.HAL_UART_DeInit   stm32f2xx_hal_uart.o
    0x0800386e   0x00000002   Code   RO         3619    i.HAL_UART_ErrorCallback  stm32f2xx_hal_uart.o
    0x08003870   0x0000014c   Code   RO         3622    i.HAL_UART_IRQHandler  stm32f2xx_hal_uart.o
    0x080039bc   0x00000072   Code   RO         3623    i.HAL_UART_Init     stm32f2xx_hal_uart.o
    0x08003a2e   0x00000002   PAD
    0x08003a30   0x0000003c   Code   RO         4311    i.HAL_UART_MspDeInit  stm32f2xx_hal_msp.o
    0x08003a6c   0x00000090   Code   RO         4312    i.HAL_UART_MspInit  stm32f2xx_hal_msp.o
    0x08003afc   0x00000064   Code   RO         3628    i.HAL_UART_Receive_IT  stm32f2xx_hal_uart.o
    0x08003b60   0x000001a4   Code   RO          382    i.HAL_UART_RxCpltCallback  lcp_port.o
    0x08003d04   0x00000058   Code   RO         3633    i.HAL_UART_Transmit_IT  stm32f2xx_hal_uart.o
    0x08003d5c   0x0000001c   Code   RO          383    i.HAL_UART_TxCpltCallback  lcp_port.o
    0x08003d78   0x0000000a   Code   RO         4411    i.HardFault_Handler  stm32f2xx_it.o
    0x08003d82   0x0000003e   Code   RO          548    i.IntToUnicode      usbd_desc.o
    0x08003dc0   0x0000003e   Code   RO          928    i.IntToUnicode      usbd_msc_desc.o
    0x08003dfe   0x0000001a   Code   RO          385    i.LCPBUS_vCalcBcc   lcp_port.o
    0x08003e18   0x0000001c   Code   RO          386    i.LCPBUS_vCheckBcc  lcp_port.o
    0x08003e34   0x00000040   Code   RO          387    i.LCPBUS_vRecieve   lcp_port.o
    0x08003e74   0x0000002c   Code   RO          388    i.LCPBUS_vSend      lcp_port.o
    0x08003ea0   0x00000040   Code   RO          389    i.LCPBUS_vSetPort   lcp_port.o
    0x08003ee0   0x0000001c   Code   RO          390    i.LCPPORT_AppCheckSum  lcp_port.o
    0x08003efc   0x00000038   Code   RO          391    i.LCPPORT_vRecieve  lcp_port.o
    0x08003f34   0x00000048   Code   RO         5570    i.MSC_BOT_Abort     usbd_msc_bot.o
    0x08003f7c   0x000000ec   Code   RO         5571    i.MSC_BOT_CBW_Decode  usbd_msc_bot.o
    0x08004068   0x00000036   Code   RO         5572    i.MSC_BOT_CplClrFeature  usbd_msc_bot.o
    0x0800409e   0x00000050   Code   RO         5573    i.MSC_BOT_DataIn    usbd_msc_bot.o
    0x080040ee   0x00000046   Code   RO         5574    i.MSC_BOT_DataOut   usbd_msc_bot.o
    0x08004134   0x0000000a   Code   RO         5575    i.MSC_BOT_DeInit    usbd_msc_bot.o
    0x0800413e   0x00000046   Code   RO         5576    i.MSC_BOT_Init      usbd_msc_bot.o
    0x08004184   0x00000022   Code   RO         5577    i.MSC_BOT_Reset     usbd_msc_bot.o
    0x080041a6   0x00000002   PAD
    0x080041a8   0x00000040   Code   RO         5578    i.MSC_BOT_SendCSW   usbd_msc_bot.o
    0x080041e8   0x00000058   Code   RO         5579    i.MSC_BOT_SendData  usbd_msc_bot.o
    0x08004240   0x000000a4   Code   RO          392    i.MS_TickCheck      lcp_port.o
    0x080042e4   0x0000000a   Code   RO         4412    i.MemManage_Handler  stm32f2xx_it.o
    0x080042ee   0x0000000a   Code   RO         4413    i.NMI_Handler       stm32f2xx_it.o
    0x080042f8   0x00000024   Code   RO         1013    i.NOR_SPI_CSState   spi_mem.o
    0x0800431c   0x00000016   Code   RO         1014    i.NOR_SPI_CheckStatua  spi_mem.o
    0x08004332   0x00000002   PAD
    0x08004334   0x00000028   Code   RO         1015    i.NOR_SPI_DisableWrite  spi_mem.o
    0x0800435c   0x00000024   Code   RO         1016    i.NOR_SPI_EnableWrite  spi_mem.o
    0x08004380   0x00000014   Code   RO         1017    i.NOR_SPI_ReadByte  spi_mem.o
    0x08004394   0x0000002c   Code   RO         1018    i.NOR_SPI_ReadStatus  spi_mem.o
    0x080043c0   0x00000014   Code   RO         1019    i.NOR_SPI_WriteByte  spi_mem.o
    0x080043d4   0x00000010   Code   RO         1726    i.NVIC_GetPriorityGrouping  stm32f2xx_hal_cortex.o
    0x080043e4   0x00000028   Code   RO         1727    i.NVIC_SetPriority  stm32f2xx_hal_cortex.o
    0x0800440c   0x00000010   Code   RO         4414    i.OTG_FS_IRQHandler  stm32f2xx_it.o
    0x0800441c   0x00000098   Code   RO         4415    i.OTG_FS_WKUP_IRQHandler  stm32f2xx_it.o
    0x080044b4   0x000000a2   Code   RO         2247    i.PCD_WriteEmptyTxFifo  stm32f2xx_hal_pcd.o
    0x08004556   0x00000036   Code   RO         5669    i.SCSI_CheckAddressRange  usbd_msc_scsi.o
    0x0800458c   0x00000050   Code   RO         5670    i.SCSI_Inquiry      usbd_msc_scsi.o
    0x080045dc   0x0000002c   Code   RO         5671    i.SCSI_ModeSense10  usbd_msc_scsi.o
    0x08004608   0x0000002c   Code   RO         5672    i.SCSI_ModeSense6   usbd_msc_scsi.o
    0x08004634   0x000000e8   Code   RO         5673    i.SCSI_ProcessCmd   usbd_msc_scsi.o
    0x0800471c   0x000000b8   Code   RO         5674    i.SCSI_ProcessRead  usbd_msc_scsi.o
    0x080047d4   0x000000d6   Code   RO         5675    i.SCSI_ProcessWrite  usbd_msc_scsi.o
    0x080048aa   0x00000104   Code   RO         5676    i.SCSI_Read10       usbd_msc_scsi.o
    0x080049ae   0x00000094   Code   RO         5677    i.SCSI_ReadCapacity10  usbd_msc_scsi.o
    0x08004a42   0x0000008a   Code   RO         5678    i.SCSI_ReadFormatCapacity  usbd_msc_scsi.o
    0x08004acc   0x0000009e   Code   RO         5679    i.SCSI_RequestSense  usbd_msc_scsi.o
    0x08004b6a   0x0000004c   Code   RO         5680    i.SCSI_SenseCode    usbd_msc_scsi.o
    0x08004bb6   0x00000010   Code   RO         5681    i.SCSI_StartStopUnit  usbd_msc_scsi.o
    0x08004bc6   0x0000005a   Code   RO         5682    i.SCSI_TestUnitReady  usbd_msc_scsi.o
    0x08004c20   0x00000054   Code   RO         5683    i.SCSI_Verify10     usbd_msc_scsi.o
    0x08004c74   0x00000148   Code   RO         5684    i.SCSI_Write10      usbd_msc_scsi.o
    0x08004dbc   0x00000074   Code   RO          263    i.SPI1_Init         boardbsp.o
    0x08004e30   0x00000010   Code   RO         1021    i.SPI2_Error        spi_mem.o
    0x08004e40   0x00000078   Code   RO          264    i.SPI2_Init         boardbsp.o
    0x08004eb8   0x00000024   Code   RO         1023    i.SPI2_WriteData    spi_mem.o
    0x08004edc   0x00000028   Code   RO         1024    i.SPI2_WriteReadData  spi_mem.o
    0x08004f04   0x00000028   Code   RO         2488    i.SPI_CheckFlag_BSY  stm32f2xx_hal_spi.o
    0x08004f2c   0x00000024   Code   RO         1025    i.SPI_ReadData      spi_mem.o
    0x08004f50   0x000000aa   Code   RO         2504    i.SPI_WaitFlagStateUntilTimeout  stm32f2xx_hal_spi.o
    0x08004ffa   0x00000036   Code   RO          858    i.STORAGE_GetCapacity  usbd_storage.o
    0x08005030   0x00000004   Code   RO          859    i.STORAGE_GetMaxLun  usbd_storage.o
    0x08005034   0x0000000c   Code   RO          860    i.STORAGE_Init      usbd_storage.o
    0x08005040   0x00000040   Code   RO          861    i.STORAGE_IsReady   usbd_storage.o
    0x08005080   0x00000006   Code   RO          862    i.STORAGE_IsWriteProtected  usbd_storage.o
    0x08005086   0x0000002c   Code   RO          863    i.STORAGE_Read      usbd_storage.o
    0x080050b2   0x0000002c   Code   RO          864    i.STORAGE_Write     usbd_storage.o
    0x080050de   0x0000000c   Code   RO         4416    i.SysTick_Handler   stm32f2xx_it.o
    0x080050ea   0x0000007a   Code   RO          265    i.SystemClock_Config  boardbsp.o
    0x08005164   0x00000054   Code   RO         1255    i.SystemInit        system_stm32f2xx.o
    0x080051b8   0x0000009c   Code   RO          266    i.TIM2_Init         boardbsp.o
    0x08005254   0x00000010   Code   RO         4417    i.TIM6_DAC_IRQHandler  stm32f2xx_it.o
    0x08005264   0x000000e4   Code   RO         2813    i.TIM_Base_SetConfig  stm32f2xx_hal_tim.o
    0x08005348   0x00000018   Code   RO         2820    i.TIM_ETR_SetConfig  stm32f2xx_hal_tim.o
    0x08005360   0x00000014   Code   RO         2821    i.TIM_ITRx_SetConfig  stm32f2xx_hal_tim.o
    0x08005374   0x00000070   Code   RO         2822    i.TIM_OC1_SetConfig  stm32f2xx_hal_tim.o
    0x080053e4   0x00000078   Code   RO         2823    i.TIM_OC2_SetConfig  stm32f2xx_hal_tim.o
    0x0800545c   0x00000078   Code   RO         2824    i.TIM_OC3_SetConfig  stm32f2xx_hal_tim.o
    0x080054d4   0x00000060   Code   RO         2825    i.TIM_OC4_SetConfig  stm32f2xx_hal_tim.o
    0x08005534   0x000000a4   Code   RO         2826    i.TIM_SlaveTimer_SetConfig  stm32f2xx_hal_tim.o
    0x080055d8   0x0000002a   Code   RO         2827    i.TIM_TI1_ConfigInputStage  stm32f2xx_hal_tim.o
    0x08005602   0x0000002c   Code   RO         2829    i.TIM_TI2_ConfigInputStage  stm32f2xx_hal_tim.o
    0x0800562e   0x00000014   Code   RO         3636    i.UART_DMAAbortOnError  stm32f2xx_hal_uart.o
    0x08005642   0x00000020   Code   RO         3642    i.UART_EndRxTransfer  stm32f2xx_hal_uart.o
    0x08005662   0x00000020   Code   RO         3643    i.UART_EndTransmit_IT  stm32f2xx_hal_uart.o
    0x08005682   0x0000009a   Code   RO         3645    i.UART_Receive_IT   stm32f2xx_hal_uart.o
    0x0800571c   0x00000368   Code   RO         3646    i.UART_SetConfig    stm32f2xx_hal_uart.o
    0x08005a84   0x0000007c   Code   RO         3647    i.UART_Transmit_IT  stm32f2xx_hal_uart.o
    0x08005b00   0x00000010   Code   RO         4418    i.USART3_IRQHandler  stm32f2xx_it.o
    0x08005b10   0x0000000e   Code   RO         5773    i.USBD_CUSTOM_HID_DataIn  usbd_customhid.o
    0x08005b1e   0x00000026   Code   RO         5774    i.USBD_CUSTOM_HID_DataOut  usbd_customhid.o
    0x08005b44   0x00000036   Code   RO         5775    i.USBD_CUSTOM_HID_DeInit  usbd_customhid.o
    0x08005b7a   0x00000022   Code   RO         5776    i.USBD_CUSTOM_HID_EP0_RxReady  usbd_customhid.o
    0x08005b9c   0x00000010   Code   RO         5777    i.USBD_CUSTOM_HID_GetCfgDesc  usbd_customhid.o
    0x08005bac   0x00000010   Code   RO         5778    i.USBD_CUSTOM_HID_GetDeviceQualifierDesc  usbd_customhid.o
    0x08005bbc   0x00000064   Code   RO         5779    i.USBD_CUSTOM_HID_Init  usbd_customhid.o
    0x08005c20   0x0000000e   Code   RO         5780    i.USBD_CUSTOM_HID_RegisterInterface  usbd_customhid.o
    0x08005c2e   0x00000034   Code   RO         5781    i.USBD_CUSTOM_HID_SendReport  usbd_customhid.o
    0x08005c62   0x00000002   PAD
    0x08005c64   0x0000010c   Code   RO         5782    i.USBD_CUSTOM_HID_Setup  usbd_customhid.o
    0x08005d70   0x00000016   Code   RO         5193    i.USBD_ClrClassConfig  usbd_core.o
    0x08005d86   0x00000044   Code   RO         5331    i.USBD_ClrFeature   usbd_ctlreq.o
    0x08005dca   0x00000002   PAD
    0x08005dcc   0x00000034   Code   RO          549    i.USBD_ConfigStrDescriptor  usbd_desc.o
    0x08005e00   0x00000018   Code   RO         5426    i.USBD_CtlContinueRx  usbd_ioreq.o
    0x08005e18   0x00000018   Code   RO         5427    i.USBD_CtlContinueSendData  usbd_ioreq.o
    0x08005e30   0x00000018   Code   RO         5332    i.USBD_CtlError     usbd_ctlreq.o
    0x08005e48   0x00000028   Code   RO         5428    i.USBD_CtlPrepareRx  usbd_ioreq.o
    0x08005e70   0x0000001a   Code   RO         5429    i.USBD_CtlReceiveStatus  usbd_ioreq.o
    0x08005e8a   0x00000022   Code   RO         5430    i.USBD_CtlSendData  usbd_ioreq.o
    0x08005eac   0x0000001a   Code   RO         5431    i.USBD_CtlSendStatus  usbd_ioreq.o
    0x08005ec6   0x00000002   PAD
    0x08005ec8   0x00000010   Code   RO          550    i.USBD_DeviceDescriptor  usbd_desc.o
    0x08005ed8   0x00000050   Code   RO         5333    i.USBD_GetConfig    usbd_ctlreq.o
    0x08005f28   0x00000148   Code   RO         5334    i.USBD_GetDescriptor  usbd_ctlreq.o
    0x08006070   0x00000014   Code   RO         5335    i.USBD_GetLen       usbd_ctlreq.o
    0x08006084   0x00000044   Code   RO         5336    i.USBD_GetStatus    usbd_ctlreq.o
    0x080060c8   0x00000052   Code   RO         5337    i.USBD_GetString    usbd_ctlreq.o
    0x0800611a   0x00000032   Code   RO         5195    i.USBD_Init         usbd_core.o
    0x0800614c   0x00000038   Code   RO          551    i.USBD_InterfaceStrDescriptor  usbd_desc.o
    0x08006184   0x00000014   Code   RO          634    i.USBD_LL_ClearStallEP  usbd_conf.o
    0x08006198   0x00000014   Code   RO          635    i.USBD_LL_CloseEP   usbd_conf.o
    0x080061ac   0x000000c2   Code   RO         5196    i.USBD_LL_DataInStage  usbd_core.o
    0x0800626e   0x00000086   Code   RO         5197    i.USBD_LL_DataOutStage  usbd_core.o
    0x080062f4   0x00000006   Code   RO         5198    i.USBD_LL_DevConnected  usbd_core.o
    0x080062fa   0x0000001a   Code   RO         5199    i.USBD_LL_DevDisconnected  usbd_core.o
    0x08006314   0x00000014   Code   RO          638    i.USBD_LL_FlushEP   usbd_conf.o
    0x08006328   0x00000012   Code   RO          639    i.USBD_LL_GetRxDataSize  usbd_conf.o
    0x0800633a   0x00000002   PAD
    0x0800633c   0x00000060   Code   RO          640    i.USBD_LL_Init      usbd_conf.o
    0x0800639c   0x00000038   Code   RO          641    i.USBD_LL_IsStallEP  usbd_conf.o
    0x080063d4   0x00000006   Code   RO         5200    i.USBD_LL_IsoINIncomplete  usbd_core.o
    0x080063da   0x00000006   Code   RO         5201    i.USBD_LL_IsoOUTIncomplete  usbd_core.o
    0x080063e0   0x00000020   Code   RO          642    i.USBD_LL_OpenEP    usbd_conf.o
    0x08006400   0x00000020   Code   RO          643    i.USBD_LL_PrepareReceive  usbd_conf.o
    0x08006420   0x00000044   Code   RO         5202    i.USBD_LL_Reset     usbd_core.o
    0x08006464   0x0000000e   Code   RO         5203    i.USBD_LL_Resume    usbd_core.o
    0x08006472   0x00000022   Code   RO         5204    i.USBD_LL_SOF       usbd_core.o
    0x08006494   0x00000008   Code   RO         5205    i.USBD_LL_SetSpeed  usbd_core.o
    0x0800649c   0x00000014   Code   RO          644    i.USBD_LL_SetUSBAddress  usbd_conf.o
    0x080064b0   0x0000006e   Code   RO         5206    i.USBD_LL_SetupStage  usbd_core.o
    0x0800651e   0x00000014   Code   RO          645    i.USBD_LL_StallEP   usbd_conf.o
    0x08006532   0x00000010   Code   RO          646    i.USBD_LL_Start     usbd_conf.o
    0x08006542   0x00000014   Code   RO         5207    i.USBD_LL_Suspend   usbd_core.o
    0x08006556   0x00000020   Code   RO          648    i.USBD_LL_Transmit  usbd_conf.o
    0x08006576   0x00000002   PAD
    0x08006578   0x00000010   Code   RO          552    i.USBD_LangIDStrDescriptor  usbd_desc.o
    0x08006588   0x00000034   Code   RO          929    i.USBD_MSC_ConfigStrDescriptor  usbd_msc_desc.o
    0x080065bc   0x00000012   Code   RO         5486    i.USBD_MSC_DataIn   usbd_msc.o
    0x080065ce   0x00000012   Code   RO         5487    i.USBD_MSC_DataOut  usbd_msc.o
    0x080065e0   0x00000034   Code   RO         5488    i.USBD_MSC_DeInit   usbd_msc.o
    0x08006614   0x00000010   Code   RO          930    i.USBD_MSC_DeviceDescriptor  usbd_msc_desc.o
    0x08006624   0x00000010   Code   RO         5489    i.USBD_MSC_GetDeviceQualifierDescriptor  usbd_msc.o
    0x08006634   0x00000010   Code   RO         5490    i.USBD_MSC_GetFSCfgDesc  usbd_msc.o
    0x08006644   0x00000010   Code   RO         5491    i.USBD_MSC_GetHSCfgDesc  usbd_msc.o
    0x08006654   0x00000010   Code   RO         5492    i.USBD_MSC_GetOtherSpeedCfgDesc  usbd_msc.o
    0x08006664   0x00000064   Code   RO         5493    i.USBD_MSC_Init     usbd_msc.o
    0x080066c8   0x00000038   Code   RO          931    i.USBD_MSC_InterfaceStrDescriptor  usbd_msc_desc.o
    0x08006700   0x00000010   Code   RO          932    i.USBD_MSC_LangIDStrDescriptor  usbd_msc_desc.o
    0x08006710   0x0000002c   Code   RO          933    i.USBD_MSC_ManufacturerStrDescriptor  usbd_msc_desc.o
    0x0800673c   0x00000038   Code   RO          934    i.USBD_MSC_ProductStrDescriptor  usbd_msc_desc.o
    0x08006774   0x0000000c   Code   RO         5494    i.USBD_MSC_RegisterStorage  usbd_msc.o
    0x08006780   0x00000018   Code   RO          935    i.USBD_MSC_SerialStrDescriptor  usbd_msc_desc.o
    0x08006798   0x0000012a   Code   RO         5495    i.USBD_MSC_Setup    usbd_msc.o
    0x080068c2   0x00000002   PAD
    0x080068c4   0x00000028   Code   RO          553    i.USBD_ManufacturerStrDescriptor  usbd_desc.o
    0x080068ec   0x00000028   Code   RO         5338    i.USBD_ParseSetupRequest  usbd_ctlreq.o
    0x08006914   0x00000040   Code   RO          554    i.USBD_ProductStrDescriptor  usbd_desc.o
    0x08006954   0x00000010   Code   RO         5208    i.USBD_RegisterClass  usbd_core.o
    0x08006964   0x00000006   Code   RO         5209    i.USBD_RunTestMode  usbd_core.o
    0x0800696a   0x00000002   PAD
    0x0800696c   0x00000018   Code   RO          555    i.USBD_SerialStrDescriptor  usbd_desc.o
    0x08006984   0x00000054   Code   RO         5339    i.USBD_SetAddress   usbd_ctlreq.o
    0x080069d8   0x00000022   Code   RO         5210    i.USBD_SetClassConfig  usbd_core.o
    0x080069fa   0x00000002   PAD
    0x080069fc   0x000000e0   Code   RO         5340    i.USBD_SetConfig    usbd_ctlreq.o
    0x08006adc   0x00000024   Code   RO         5341    i.USBD_SetFeature   usbd_ctlreq.o
    0x08006b00   0x0000000e   Code   RO         5211    i.USBD_Start        usbd_core.o
    0x08006b0e   0x00000072   Code   RO         5342    i.USBD_StdDevReq    usbd_ctlreq.o
    0x08006b80   0x0000013c   Code   RO         5343    i.USBD_StdEPReq     usbd_ctlreq.o
    0x08006cbc   0x0000004a   Code   RO         5344    i.USBD_StdItfReq    usbd_ctlreq.o
    0x08006d06   0x00000002   PAD
    0x08006d08   0x00000034   Code   RO          809    i.USBHID_vInit      usb_core.o
    0x08006d3c   0x00000040   Code   RO          810    i.USBHandler        usb_core.o
    0x08006d7c   0x00000034   Code   RO          811    i.USBMSC_vInit      usb_core.o
    0x08006db0   0x000000c4   Code   RO         3866    i.USB_ActivateEndpoint  stm32f2xx_ll_usb.o
    0x08006e74   0x00000044   Code   RO         3867    i.USB_ActivateSetup  stm32f2xx_ll_usb.o
    0x08006eb8   0x00000068   Code   RO         3869    i.USB_CoreInit      stm32f2xx_ll_usb.o
    0x08006f20   0x0000004c   Code   RO         3870    i.USB_CoreReset     stm32f2xx_ll_usb.o
    0x08006f6c   0x000000a8   Code   RO         3872    i.USB_DeactivateEndpoint  stm32f2xx_ll_usb.o
    0x08007014   0x0000001e   Code   RO         3873    i.USB_DevConnect    stm32f2xx_ll_usb.o
    0x08007032   0x0000001e   Code   RO         3874    i.USB_DevDisconnect  stm32f2xx_ll_usb.o
    0x08007050   0x0000019c   Code   RO         3875    i.USB_DevInit       stm32f2xx_ll_usb.o
    0x080071ec   0x0000000e   Code   RO         3876    i.USB_DisableGlobalInt  stm32f2xx_ll_usb.o
    0x080071fa   0x00000002   PAD
    0x080071fc   0x000001b0   Code   RO         3879    i.USB_EP0StartXfer  stm32f2xx_ll_usb.o
    0x080073ac   0x00000044   Code   RO         3880    i.USB_EP0_OutStart  stm32f2xx_ll_usb.o
    0x080073f0   0x00000088   Code   RO         3881    i.USB_EPClearStall  stm32f2xx_ll_usb.o
    0x08007478   0x0000008c   Code   RO         3882    i.USB_EPSetStall    stm32f2xx_ll_usb.o
    0x08007504   0x000002d0   Code   RO         3883    i.USB_EPStartXfer   stm32f2xx_ll_usb.o
    0x080077d4   0x0000000e   Code   RO         3884    i.USB_EnableGlobalInt  stm32f2xx_ll_usb.o
    0x080077e2   0x00000002   PAD
    0x080077e4   0x0000002c   Code   RO         3885    i.USB_FlushRxFifo   stm32f2xx_ll_usb.o
    0x08007810   0x00000030   Code   RO         3886    i.USB_FlushTxFifo   stm32f2xx_ll_usb.o
    0x08007840   0x00000044   Code   RO         3888    i.USB_GetDevSpeed   stm32f2xx_ll_usb.o
    0x08007884   0x0000000a   Code   RO         3890    i.USB_GetMode       stm32f2xx_ll_usb.o
    0x0800788e   0x00000012   Code   RO         3897    i.USB_ReadDevAllInEpInterrupt  stm32f2xx_ll_usb.o
    0x080078a0   0x00000012   Code   RO         3898    i.USB_ReadDevAllOutEpInterrupt  stm32f2xx_ll_usb.o
    0x080078b2   0x0000002c   Code   RO         3899    i.USB_ReadDevInEPInterrupt  stm32f2xx_ll_usb.o
    0x080078de   0x00000016   Code   RO         3900    i.USB_ReadDevOutEPInterrupt  stm32f2xx_ll_usb.o
    0x080078f4   0x0000000c   Code   RO         3901    i.USB_ReadInterrupts  stm32f2xx_ll_usb.o
    0x08007900   0x00000022   Code   RO         3902    i.USB_ReadPacket    stm32f2xx_ll_usb.o
    0x08007922   0x00000002   PAD
    0x08007924   0x00000048   Code   RO          812    i.USB_Respone       usb_core.o
    0x0800796c   0x00000030   Code   RO         3904    i.USB_SetCurrentMode  stm32f2xx_ll_usb.o
    0x0800799c   0x00000024   Code   RO         3905    i.USB_SetDevAddress  stm32f2xx_ll_usb.o
    0x080079c0   0x00000010   Code   RO         3906    i.USB_SetDevSpeed   stm32f2xx_ll_usb.o
    0x080079d0   0x00000030   Code   RO         3909    i.USB_WritePacket   stm32f2xx_ll_usb.o
    0x08007a00   0x00000020   Code   RO          813    i.USB_vInit         usb_core.o
    0x08007a20   0x0000000a   Code   RO         4419    i.UsageFault_Handler  stm32f2xx_it.o
    0x08007a2a   0x0000000e   Code   RO         7049    i.__scatterload_copy  mc_w.l(handlers.o)
    0x08007a38   0x00000002   Code   RO         7050    i.__scatterload_null  mc_w.l(handlers.o)
    0x08007a3a   0x0000000e   Code   RO         7051    i.__scatterload_zeroinit  mc_w.l(handlers.o)
    0x08007a48   0x00000050   Code   RO         7001    i.free              mc_w.l(malloc.o)
    0x08007a98   0x00000010   Code   RO         6549    i.inHandlerMode     cmsis_os.o
    0x08007aa8   0x0000005c   Code   RO            5    i.main              main.o
    0x08007b04   0x0000000e   Code   RO         6551    i.makeFreeRtosPriority  cmsis_os.o
    0x08007b12   0x00000002   PAD
    0x08007b14   0x0000006c   Code   RO         7002    i.malloc            mc_w.l(malloc.o)
    0x08007b80   0x00000018   Code   RO         6552    i.osDelay           cmsis_os.o
    0x08007b98   0x0000000a   Code   RO         6555    i.osKernelStart     cmsis_os.o
    0x08007ba2   0x00000010   Code   RO         6584    i.osSystickHandler  cmsis_os.o
    0x08007bb2   0x0000003a   Code   RO         6585    i.osThreadCreate    cmsis_os.o
    0x08007bec   0x00000028   Code   RO         6596    i.osTimerCreate     cmsis_os.o
    0x08007c14   0x00000060   Code   RO         6598    i.osTimerStart      cmsis_os.o
    0x08007c74   0x00000054   Code   RO         6233    i.prvAddCurrentTaskToDelayedList  tasks.o
    0x08007cc8   0x00000042   Code   RO         6234    i.prvAllocateTCBAndStack  tasks.o
    0x08007d0a   0x00000002   PAD
    0x08007d0c   0x00000064   Code   RO         6102    i.prvCheckForValidListAndQueue  timers.o
    0x08007d70   0x00000064   Code   RO         6235    i.prvCheckTasksWaitingTermination  tasks.o
    0x08007dd4   0x0000002a   Code   RO         5941    i.prvCopyDataFromQueue  queue.o
    0x08007dfe   0x00000080   Code   RO         5942    i.prvCopyDataToQueue  queue.o
    0x08007e7e   0x00000012   Code   RO         6236    i.prvDeleteTCB      tasks.o
    0x08007e90   0x00000028   Code   RO         6103    i.prvGetNextExpireTime  timers.o
    0x08007eb8   0x0000007c   Code   RO         6870    i.prvHeapInit       heap_4.o
    0x08007f34   0x00000018   Code   RO         6237    i.prvIdleTask       tasks.o
    0x08007f4c   0x00000062   Code   RO         6238    i.prvInitialiseTCBVariables  tasks.o
    0x08007fae   0x00000002   PAD
    0x08007fb0   0x00000068   Code   RO         6239    i.prvInitialiseTaskLists  tasks.o
    0x08008018   0x00000068   Code   RO         6871    i.prvInsertBlockIntoFreeList  heap_4.o
    0x08008080   0x00000058   Code   RO         6104    i.prvInsertTimerInActiveList  timers.o
    0x080080d8   0x0000001a   Code   RO         5943    i.prvIsQueueEmpty   queue.o
    0x080080f2   0x0000001e   Code   RO         5944    i.prvIsQueueFull    queue.o
    0x08008110   0x0000004c   Code   RO         6105    i.prvProcessExpiredTimer  timers.o
    0x0800815c   0x000000c0   Code   RO         6106    i.prvProcessReceivedCommands  timers.o
    0x0800821c   0x00000064   Code   RO         6107    i.prvProcessTimerOrBlockTask  timers.o
    0x08008280   0x00000034   Code   RO         6241    i.prvResetNextTaskUnblockTime  tasks.o
    0x080082b4   0x0000002c   Code   RO         6108    i.prvSampleTimeNow  timers.o
    0x080082e0   0x00000084   Code   RO         6109    i.prvSwitchTimerLists  timers.o
    0x08008364   0x00000008   Code   RO         6920    i.prvTaskExitError  port.o
    0x0800836c   0x0000001a   Code   RO         6110    i.prvTimerTask      timers.o
    0x08008386   0x0000007e   Code   RO         5945    i.prvUnlockQueue    queue.o
    0x08008404   0x000000d0   Code   RO         6872    i.pvPortMalloc      heap_4.o
    0x080084d4   0x00000020   Code   RO         6244    i.pvTaskIncrementMutexHeldCount  tasks.o
    0x080084f4   0x00000020   Code   RO         6921    i.pxPortInitialiseStack  port.o
    0x08008514   0x00000028   Code   RO         6197    i.uxListRemove      list.o
    0x0800853c   0x0000001a   Code   RO         6198    i.vListInitialise   list.o
    0x08008556   0x00000006   Code   RO         6199    i.vListInitialiseItem  list.o
    0x0800855c   0x00000034   Code   RO         6200    i.vListInsert       list.o
    0x08008590   0x00000018   Code   RO         6201    i.vListInsertEnd    list.o
    0x080085a8   0x00000020   Code   RO         6923    i.vPortEnterCritical  port.o
    0x080085c8   0x00000020   Code   RO         6924    i.vPortExitCritical  port.o
    0x080085e8   0x00000048   Code   RO         6873    i.vPortFree         heap_4.o
    0x08008630   0x00000020   Code   RO         6925    i.vPortSetupTimerInterrupt  port.o
    0x08008650   0x00000018   Code   RO         6926    i.vPortYield        port.o
    0x08008668   0x0000002c   Code   RO         5951    i.vQueueAddToRegistry  queue.o
    0x08008694   0x00000042   Code   RO         5955    i.vQueueWaitForMessageRestricted  queue.o
    0x080086d6   0x00000002   PAD
    0x080086d8   0x00000054   Code   RO         6252    i.vTaskDelay        tasks.o
    0x0800872c   0x0000000c   Code   RO         6255    i.vTaskMissedYield  tasks.o
    0x08008738   0x00000064   Code   RO         6257    i.vTaskPlaceOnEventList  tasks.o
    0x0800879c   0x0000006c   Code   RO         6258    i.vTaskPlaceOnEventListRestricted  tasks.o
    0x08008808   0x000000b0   Code   RO         6260    i.vTaskPriorityInherit  tasks.o
    0x080088b8   0x00000018   Code   RO         6264    i.vTaskSetTimeOutState  tasks.o
    0x080088d0   0x0000005c   Code   RO         6265    i.vTaskStartScheduler  tasks.o
    0x0800892c   0x00000010   Code   RO         6267    i.vTaskSuspendAll   tasks.o
    0x0800893c   0x00000060   Code   RO         6268    i.vTaskSwitchContext  tasks.o
    0x0800899c   0x00000034   Code   RO         6927    i.xPortStartScheduler  port.o
    0x080089d0   0x00000020   Code   RO         6928    i.xPortSysTickHandler  port.o
    0x080089f0   0x0000004a   Code   RO         5957    i.xQueueGenericCreate  queue.o
    0x08008a3a   0x0000011c   Code   RO         5958    i.xQueueGenericReceive  queue.o
    0x08008b56   0x0000006e   Code   RO         5959    i.xQueueGenericReset  queue.o
    0x08008bc4   0x000000ea   Code   RO         5960    i.xQueueGenericSend  queue.o
    0x08008cae   0x0000006a   Code   RO         5961    i.xQueueGenericSendFromISR  queue.o
    0x08008d18   0x0000005c   Code   RO         6269    i.xTaskCheckForTimeOut  tasks.o
    0x08008d74   0x00000100   Code   RO         6270    i.xTaskGenericCreate  tasks.o
    0x08008e74   0x00000020   Code   RO         6274    i.xTaskGetSchedulerState  tasks.o
    0x08008e94   0x0000000c   Code   RO         6275    i.xTaskGetTickCount  tasks.o
    0x08008ea0   0x00000120   Code   RO         6277    i.xTaskIncrementTick  tasks.o
    0x08008fc0   0x00000084   Code   RO         6280    i.xTaskPriorityDisinherit  tasks.o
    0x08009044   0x00000080   Code   RO         6281    i.xTaskRemoveFromEventList  tasks.o
    0x080090c4   0x000000dc   Code   RO         6283    i.xTaskResumeAll    tasks.o
    0x080091a0   0x0000003e   Code   RO         6113    i.xTimerCreate      timers.o
    0x080091de   0x00000002   PAD
    0x080091e0   0x00000040   Code   RO         6114    i.xTimerCreateTimerTask  timers.o
    0x08009220   0x0000006c   Code   RO         6115    i.xTimerGenericCommand  timers.o
    0x0800928c   0x00000004   Data   RO            6    .constdata          main.o
    0x08009290   0x00000010   Data   RO          501    .constdata          usbd_customhid_if.o
    0x080092a0   0x00000014   Data   RO          815    .constdata          usb_core.o
    0x080092b4   0x00000008   Data   RO         1853    .constdata          stm32f2xx_hal_dma.o
    0x080092bc   0x00000010   Data   RO         4167    .constdata          stm32f2xx_hal_rcc.o
    0x080092cc   0x00000017   Data   RO         5645    .constdata          usbd_msc_data.o
    0x080092e3   0x00000001   PAD
    0x080092e4   0x0000000b   Data   RO          816    .conststring        usb_core.o
    0x080092ef   0x00000001   PAD
    0x080092f0   0x00000020   Data   RO         7047    Region$$Table       anon$$obj.o


    Execution Region RW_IRAM1 (Base: 0x20000000, Size: 0x00000000, Max: 0x00000010, ABSOLUTE, UNINIT)

    **** No section assigned to this execution region ****


    Execution Region RW_IRAM2 (Base: 0x20000010, Size: 0x0000d008, Max: 0x00020000, ABSOLUTE, COMPRESSED[0x00000170])

    Base Addr    Size         Type   Attr      Idx    E Section Name        Object

    0x20000010   0x0000000c   Data   RW            7    .data               main.o
    0x2000001c   0x00000002   Data   RW          268    .data               boardbsp.o
    0x2000001e   0x00000002   PAD
    0x20000020   0x0000001a   Data   RW          394    .data               lcp_port.o
    0x2000003a   0x00000002   PAD
    0x2000003c   0x00000051   Data   RW          502    .data               usbd_customhid_if.o
    0x2000008d   0x00000003   PAD
    0x20000090   0x0000004e   Data   RW          557    .data               usbd_desc.o
    0x200000de   0x00000002   Data   RW          817    .data               usb_core.o
    0x200000e0   0x00000045   Data   RW          865    .data               usbd_storage.o
    0x20000125   0x00000003   PAD
    0x20000128   0x0000004e   Data   RW          937    .data               usbd_msc_desc.o
    0x20000176   0x00000001   Data   RW         1026    .data               spi_mem.o
    0x20000177   0x00000001   PAD
    0x20000178   0x00000004   Data   RW         1257    .data               system_stm32f2xx.o
    0x2000017c   0x00000004   Data   RW         1309    .data               stm32f2xx_hal.o
    0x20000180   0x00000002   Data   RW         3649    .data               stm32f2xx_hal_uart.o
    0x20000182   0x00000001   Data   RW         5345    .data               usbd_ctlreq.o
    0x20000183   0x00000001   PAD
    0x20000184   0x000000a2   Data   RW         5496    .data               usbd_msc.o
    0x20000226   0x00000002   PAD
    0x20000228   0x0000007a   Data   RW         5783    .data               usbd_customhid.o
    0x200002a2   0x00000002   PAD
    0x200002a4   0x00000010   Data   RW         6118    .data               timers.o
    0x200002b4   0x00000038   Data   RW         6286    .data               tasks.o
    0x200002ec   0x00000018   Data   RW         6878    .data               heap_4.o
    0x20000304   0x00000004   Data   RW         6929    .data               port.o
    0x20000308   0x00000004   Data   RW         7043    .data               mc_w.l(mvars.o)
    0x2000030c   0x00000004   Data   RW         7044    .data               mc_w.l(mvars.o)
    0x20000310   0x00000234   Zero   RW          267    .bss                boardbsp.o
    0x20000544   0x00000100   Zero   RW          500    .bss                usbd_customhid_if.o
    0x20000644   0x00000100   Zero   RW          556    .bss                usbd_desc.o
    0x20000744   0x000003b0   Zero   RW          649    .bss                usbd_conf.o
    0x20000af4   0x0000028c   Zero   RW          814    .bss                usb_core.o
    0x20000d80   0x00000100   Zero   RW          936    .bss                usbd_msc_desc.o
    0x20000e80   0x0000003c   Zero   RW         4370    .bss                stm32f2xx_hal_timebase_tim.o
    0x20000ebc   0x00000040   Zero   RW         5967    .bss                queue.o
    0x20000efc   0x00000028   Zero   RW         6117    .bss                timers.o
    0x20000f24   0x000000f0   Zero   RW         6285    .bss                tasks.o
    0x20001014   0x00005000   Zero   RW         6877    .bss                heap_4.o
    0x20006014   0x00000004   PAD
    0x20006018   0x00004000   Zero   RW         5926    HEAP                startup_stm32f205xx.o
    0x2000a018   0x00003000   Zero   RW         5925    STACK               startup_stm32f205xx.o


==============================================================================

Image component sizes


      Code (inc. data)   RO Data    RW Data    ZI Data      Debug   Object Name

      1050         72          0          2        564       6122   boardbsp.o
       274          8          0          0          0      11409   cmsis_os.o
       508         62          0         24      20480       4259   heap_4.o
      1122        174          0         26          0       8162   lcp_port.o
       148          0          0          0          0       3530   list.o
       254         32          4         12          0     373797   main.o
       406         56          0          4          0       7621   port.o
      1270          6          0          0         64      11781   queue.o
       758         62          0          1          0      10579   spi_mem.o
        36          8        388          0      28672        784   startup_stm32f205xx.o
        68         16          0          4          0       3012   stm32f2xx_hal.o
      1140         54          0          0          0       3447   stm32f2xx_hal_adc.o
       338         22          0          0          0      28613   stm32f2xx_hal_cortex.o
       774         16          8          0          0       3649   stm32f2xx_hal_dma.o
       916         94          0          0          0       3899   stm32f2xx_hal_gpio.o
       642         82          0          0          0       4186   stm32f2xx_hal_msp.o
      3036         48          0          0          0      11680   stm32f2xx_hal_pcd.o
        92          0          0          0          0       1840   stm32f2xx_hal_pcd_ex.o
      1684         74         16          0          0       6268   stm32f2xx_hal_rcc.o
      1732          0          0          0          0       7303   stm32f2xx_hal_spi.o
      2030         88          0          0          0      16325   stm32f2xx_hal_tim.o
       102          0          0          0          0       2326   stm32f2xx_hal_tim_ex.o
       140         18          0          0         60       1556   stm32f2xx_hal_timebase_tim.o
      2052         20          0          2          0      10229   stm32f2xx_hal_uart.o
       296         52          0          0          0       6202   stm32f2xx_it.o
      3074         58          0          0          0      20226   stm32f2xx_ll_usb.o
         0          0          0          0          0       1472   syscall.o
        84         16          0          4          0       1377   system_stm32f2xx.o
      2446        370          0         56        240      21248   tasks.o
      1032        106          0         16         40      10138   timers.o
       272         62         31          2        652       3355   usb_core.o
       938         24          0          0        944      14977   usbd_conf.o
       768          0          0          0          0      12589   usbd_core.o
      1558         30          0          1          0      10636   usbd_ctlreq.o
       606         30          0        122          0      10223   usbd_customhid.o
       238         26         16         81        256       3766   usbd_customhid_if.o
       382        118          0         78        256       6779   usbd_desc.o
       174          0          0          0          0       4648   usbd_ioreq.o
       562         24          0        162          0       9436   usbd_msc.o
       778          8          0          0          0       7481   usbd_msc_bot.o
         0          0         23          0          0        925   usbd_msc_data.o
       378        114          0         78        256       6870   usbd_msc_desc.o
      2150         14          0          0          0      13563   usbd_msc_scsi.o
       228          4          0         69          0       6390   usbd_storage.o

    ----------------------------------------------------------------------
     36598       2068        520        760      52488     714678   Object Totals
         0          0         32          0          0          0   (incl. Generated)
        62          0          2         16          4          0   (incl. Padding)

    ----------------------------------------------------------------------

      Code (inc. data)   RO Data    RW Data    ZI Data      Debug   Library Member Name

        86          0          0          0          0          0   __dczerorl2.o
         0          0          0          0          0          0   entry.o
         0          0          0          0          0          0   entry10a.o
         0          0          0          0          0          0   entry11a.o
         8          4          0          0          0          0   entry2.o
         4          0          0          0          0          0   entry5.o
         0          0          0          0          0          0   entry7b.o
         0          0          0          0          0          0   entry8b.o
         8          4          0          0          0          0   entry9a.o
        30          0          0          0          0          0   handlers.o
        36          8          0          0          0         68   init.o
       188         20          0          0          0        160   malloc.o
        26          0          0          0          0         80   memcmp.o
        36          0          0          0          0         68   memcpya.o
        36          0          0          0          0        108   memseta.o
         0          0          0          8          0          0   mvars.o
        18          0          0          0          0         68   strcpy.o
        14          0          0          0          0         68   strlen.o
        36          0          0          0          0         80   strstr.o

    ----------------------------------------------------------------------
       530         36          0          8          0        700   Library Totals
         4          0          0          0          0          0   (incl. Padding)

    ----------------------------------------------------------------------

      Code (inc. data)   RO Data    RW Data    ZI Data      Debug   Library Name

       526         36          0          8          0        700   mc_w.l

    ----------------------------------------------------------------------
       530         36          0          8          0        700   Library Totals

    ----------------------------------------------------------------------

==============================================================================


      Code (inc. data)   RO Data    RW Data    ZI Data      Debug   

     37128       2104        520        768      52488     694810   Grand Totals
     37128       2104        520        368      52488     694810   ELF Image Totals (compressed)
     37128       2104        520        368          0          0   ROM Totals

==============================================================================

    Total RO  Size (Code + RO Data)                37648 (  36.77kB)
    Total RW  Size (RW Data + ZI Data)             53256 (  52.01kB)
    Total ROM Size (Code + RO Data + RW Data)      38016 (  37.13kB)

==============================================================================

